Archive member included to satisfy reference by file (symbol)

/usr/local/gcc-arm-none-eabi-6-2017-q2-update/bin/../lib/gcc/arm-none-eabi/6.3.1/../../../../arm-none-eabi/lib/thumb/v6-m/libc_nano.a(lib_a-exit.o)
                              /usr/local/gcc-arm-none-eabi-6-2017-q2-update/bin/../lib/gcc/arm-none-eabi/6.3.1/../../../../arm-none-eabi/lib/thumb/v6-m/crt0.o (exit)
/usr/local/gcc-arm-none-eabi-6-2017-q2-update/bin/../lib/gcc/arm-none-eabi/6.3.1/../../../../arm-none-eabi/lib/thumb/v6-m/libc_nano.a(lib_a-impure.o)
                              /usr/local/gcc-arm-none-eabi-6-2017-q2-update/bin/../lib/gcc/arm-none-eabi/6.3.1/../../../../arm-none-eabi/lib/thumb/v6-m/libc_nano.a(lib_a-exit.o) (_global_impure_ptr)
/usr/local/gcc-arm-none-eabi-6-2017-q2-update/bin/../lib/gcc/arm-none-eabi/6.3.1/../../../../arm-none-eabi/lib/thumb/v6-m/libc_nano.a(lib_a-init.o)
                              /usr/local/gcc-arm-none-eabi-6-2017-q2-update/bin/../lib/gcc/arm-none-eabi/6.3.1/../../../../arm-none-eabi/lib/thumb/v6-m/crt0.o (__libc_init_array)
/usr/local/gcc-arm-none-eabi-6-2017-q2-update/bin/../lib/gcc/arm-none-eabi/6.3.1/../../../../arm-none-eabi/lib/thumb/v6-m/libc_nano.a(lib_a-memset.o)
                              /usr/local/gcc-arm-none-eabi-6-2017-q2-update/bin/../lib/gcc/arm-none-eabi/6.3.1/../../../../arm-none-eabi/lib/thumb/v6-m/crt0.o (memset)
/usr/local/gcc-arm-none-eabi-6-2017-q2-update/bin/../lib/gcc/arm-none-eabi/6.3.1/../../../../arm-none-eabi/lib/thumb/v6-m/libnosys.a(_exit.o)
                              /usr/local/gcc-arm-none-eabi-6-2017-q2-update/bin/../lib/gcc/arm-none-eabi/6.3.1/../../../../arm-none-eabi/lib/thumb/v6-m/libc_nano.a(lib_a-exit.o) (_exit)
/usr/local/gcc-arm-none-eabi-6-2017-q2-update/bin/../lib/gcc/arm-none-eabi/6.3.1/thumb/v6-m/libgcc.a(_udivsi3.o)
                              build/stm32l0xx_ll_rcc.o (__aeabi_uidiv)
/usr/local/gcc-arm-none-eabi-6-2017-q2-update/bin/../lib/gcc/arm-none-eabi/6.3.1/thumb/v6-m/libgcc.a(_dvmd_tls.o)
                              /usr/local/gcc-arm-none-eabi-6-2017-q2-update/bin/../lib/gcc/arm-none-eabi/6.3.1/thumb/v6-m/libgcc.a(_udivsi3.o) (__aeabi_idiv0)

Discarded input sections

 .text          0x0000000000000000        0x0 /usr/local/gcc-arm-none-eabi-6-2017-q2-update/bin/../lib/gcc/arm-none-eabi/6.3.1/thumb/v6-m/crti.o
 .data          0x0000000000000000        0x0 /usr/local/gcc-arm-none-eabi-6-2017-q2-update/bin/../lib/gcc/arm-none-eabi/6.3.1/thumb/v6-m/crti.o
 .bss           0x0000000000000000        0x0 /usr/local/gcc-arm-none-eabi-6-2017-q2-update/bin/../lib/gcc/arm-none-eabi/6.3.1/thumb/v6-m/crti.o
 .data          0x0000000000000000        0x4 /usr/local/gcc-arm-none-eabi-6-2017-q2-update/bin/../lib/gcc/arm-none-eabi/6.3.1/thumb/v6-m/crtbegin.o
 .text          0x0000000000000000       0x78 /usr/local/gcc-arm-none-eabi-6-2017-q2-update/bin/../lib/gcc/arm-none-eabi/6.3.1/../../../../arm-none-eabi/lib/thumb/v6-m/crt0.o
 .data          0x0000000000000000        0x0 /usr/local/gcc-arm-none-eabi-6-2017-q2-update/bin/../lib/gcc/arm-none-eabi/6.3.1/../../../../arm-none-eabi/lib/thumb/v6-m/crt0.o
 .bss           0x0000000000000000        0x0 /usr/local/gcc-arm-none-eabi-6-2017-q2-update/bin/../lib/gcc/arm-none-eabi/6.3.1/../../../../arm-none-eabi/lib/thumb/v6-m/crt0.o
 .ARM.extab     0x0000000000000000        0x0 /usr/local/gcc-arm-none-eabi-6-2017-q2-update/bin/../lib/gcc/arm-none-eabi/6.3.1/../../../../arm-none-eabi/lib/thumb/v6-m/crt0.o
 .ARM.exidx     0x0000000000000000        0x8 /usr/local/gcc-arm-none-eabi-6-2017-q2-update/bin/../lib/gcc/arm-none-eabi/6.3.1/../../../../arm-none-eabi/lib/thumb/v6-m/crt0.o
 .ARM.attributes
                0x0000000000000000       0x1b /usr/local/gcc-arm-none-eabi-6-2017-q2-update/bin/../lib/gcc/arm-none-eabi/6.3.1/../../../../arm-none-eabi/lib/thumb/v6-m/crt0.o
 .text          0x0000000000000000        0x0 build/main.o
 .data          0x0000000000000000        0x0 build/main.o
 .bss           0x0000000000000000        0x0 build/main.o
 .text          0x0000000000000000        0x0 build/gpio.o
 .data          0x0000000000000000        0x0 build/gpio.o
 .bss           0x0000000000000000        0x0 build/gpio.o
 .text.MY_GPIO_Toggle
                0x0000000000000000        0xc build/gpio.o
 .text          0x0000000000000000        0x0 build/stm32l0xx_it.o
 .data          0x0000000000000000        0x0 build/stm32l0xx_it.o
 .bss           0x0000000000000000        0x0 build/stm32l0xx_it.o
 .text          0x0000000000000000        0x0 build/stm32l0xx_ll_gpio.o
 .data          0x0000000000000000        0x0 build/stm32l0xx_ll_gpio.o
 .bss           0x0000000000000000        0x0 build/stm32l0xx_ll_gpio.o
 .text.LL_GPIO_DeInit
                0x0000000000000000       0x60 build/stm32l0xx_ll_gpio.o
 .text.LL_GPIO_StructInit
                0x0000000000000000       0x18 build/stm32l0xx_ll_gpio.o
 .text          0x0000000000000000        0x0 build/stm32l0xx_ll_pwr.o
 .data          0x0000000000000000        0x0 build/stm32l0xx_ll_pwr.o
 .bss           0x0000000000000000        0x0 build/stm32l0xx_ll_pwr.o
 .text.LL_PWR_DeInit
                0x0000000000000000       0x20 build/stm32l0xx_ll_pwr.o
 .debug_info    0x0000000000000000      0x316 build/stm32l0xx_ll_pwr.o
 .debug_abbrev  0x0000000000000000      0x12a build/stm32l0xx_ll_pwr.o
 .debug_loc     0x0000000000000000       0x2c build/stm32l0xx_ll_pwr.o
 .debug_aranges
                0x0000000000000000       0x20 build/stm32l0xx_ll_pwr.o
 .debug_ranges  0x0000000000000000       0x10 build/stm32l0xx_ll_pwr.o
 .debug_line    0x0000000000000000      0x273 build/stm32l0xx_ll_pwr.o
 .debug_str     0x0000000000000000      0x2ef build/stm32l0xx_ll_pwr.o
 .comment       0x0000000000000000       0x80 build/stm32l0xx_ll_pwr.o
 .debug_frame   0x0000000000000000       0x20 build/stm32l0xx_ll_pwr.o
 .ARM.attributes
                0x0000000000000000       0x32 build/stm32l0xx_ll_pwr.o
 .text          0x0000000000000000        0x0 build/stm32l0xx_ll_exti.o
 .data          0x0000000000000000        0x0 build/stm32l0xx_ll_exti.o
 .bss           0x0000000000000000        0x0 build/stm32l0xx_ll_exti.o
 .text.LL_EXTI_DeInit
                0x0000000000000000       0x24 build/stm32l0xx_ll_exti.o
 .text.LL_EXTI_Init
                0x0000000000000000       0xcc build/stm32l0xx_ll_exti.o
 .text.LL_EXTI_StructInit
                0x0000000000000000        0xe build/stm32l0xx_ll_exti.o
 .debug_info    0x0000000000000000      0x500 build/stm32l0xx_ll_exti.o
 .debug_abbrev  0x0000000000000000      0x187 build/stm32l0xx_ll_exti.o
 .debug_loc     0x0000000000000000      0x255 build/stm32l0xx_ll_exti.o
 .debug_aranges
                0x0000000000000000       0x30 build/stm32l0xx_ll_exti.o
 .debug_ranges  0x0000000000000000       0x20 build/stm32l0xx_ll_exti.o
 .debug_line    0x0000000000000000      0x31c build/stm32l0xx_ll_exti.o
 .debug_str     0x0000000000000000      0x3ae build/stm32l0xx_ll_exti.o
 .comment       0x0000000000000000       0x80 build/stm32l0xx_ll_exti.o
 .debug_frame   0x0000000000000000       0x4c build/stm32l0xx_ll_exti.o
 .ARM.attributes
                0x0000000000000000       0x32 build/stm32l0xx_ll_exti.o
 .text          0x0000000000000000        0x0 build/stm32l0xx_ll_rcc.o
 .data          0x0000000000000000        0x0 build/stm32l0xx_ll_rcc.o
 .bss           0x0000000000000000        0x0 build/stm32l0xx_ll_rcc.o
 .text.LL_RCC_DeInit
                0x0000000000000000       0x80 build/stm32l0xx_ll_rcc.o
 .text.RCC_GetHCLKClockFreq
                0x0000000000000000       0x1c build/stm32l0xx_ll_rcc.o
 .text.RCC_GetPCLK1ClockFreq
                0x0000000000000000       0x1c build/stm32l0xx_ll_rcc.o
 .text.RCC_GetPCLK2ClockFreq
                0x0000000000000000       0x1c build/stm32l0xx_ll_rcc.o
 .text.RCC_PLL_GetFreqDomain_SYS
                0x0000000000000000       0x48 build/stm32l0xx_ll_rcc.o
 .text.RCC_GetSystemClockFreq
                0x0000000000000000       0x60 build/stm32l0xx_ll_rcc.o
 .text.LL_RCC_GetSystemClocksFreq
                0x0000000000000000       0x20 build/stm32l0xx_ll_rcc.o
 .text.LL_RCC_GetUSARTClockFreq
                0x0000000000000000       0x70 build/stm32l0xx_ll_rcc.o
 .text.LL_RCC_GetI2CClockFreq
                0x0000000000000000       0x58 build/stm32l0xx_ll_rcc.o
 .text.LL_RCC_GetLPUARTClockFreq
                0x0000000000000000       0x5c build/stm32l0xx_ll_rcc.o
 .text.LL_RCC_GetLPTIMClockFreq
                0x0000000000000000       0x74 build/stm32l0xx_ll_rcc.o
 .debug_info    0x0000000000000000      0x995 build/stm32l0xx_ll_rcc.o
 .debug_abbrev  0x0000000000000000      0x264 build/stm32l0xx_ll_rcc.o
 .debug_loc     0x0000000000000000      0x50b build/stm32l0xx_ll_rcc.o
 .debug_aranges
                0x0000000000000000       0x70 build/stm32l0xx_ll_rcc.o
 .debug_ranges  0x0000000000000000       0x60 build/stm32l0xx_ll_rcc.o
 .debug_line    0x0000000000000000      0x508 build/stm32l0xx_ll_rcc.o
 .debug_str     0x0000000000000000      0x6b8 build/stm32l0xx_ll_rcc.o
 .comment       0x0000000000000000       0x80 build/stm32l0xx_ll_rcc.o
 .debug_frame   0x0000000000000000      0x114 build/stm32l0xx_ll_rcc.o
 .ARM.attributes
                0x0000000000000000       0x32 build/stm32l0xx_ll_rcc.o
 .text          0x0000000000000000        0x0 build/stm32l0xx_ll_utils.o
 .data          0x0000000000000000        0x0 build/stm32l0xx_ll_utils.o
 .bss           0x0000000000000000        0x0 build/stm32l0xx_ll_utils.o
 .text.UTILS_SetFlashLatency
                0x0000000000000000       0x84 build/stm32l0xx_ll_utils.o
 .text.UTILS_GetPLLOutputFrequency
                0x0000000000000000       0x1c build/stm32l0xx_ll_utils.o
 .text.UTILS_PLL_IsBusy
                0x0000000000000000       0x14 build/stm32l0xx_ll_utils.o
 .text.LL_mDelay
                0x0000000000000000       0x28 build/stm32l0xx_ll_utils.o
 .text.UTILS_EnablePLLAndSwitchSystem
                0x0000000000000000       0xb4 build/stm32l0xx_ll_utils.o
 .text.LL_PLL_ConfigSystemClock_HSI
                0x0000000000000000       0x5c build/stm32l0xx_ll_utils.o
 .text.LL_PLL_ConfigSystemClock_HSE
                0x0000000000000000       0x84 build/stm32l0xx_ll_utils.o
 .text          0x0000000000000000        0x0 build/system_stm32l0xx.o
 .data          0x0000000000000000        0x0 build/system_stm32l0xx.o
 .bss           0x0000000000000000        0x0 build/system_stm32l0xx.o
 .text.SystemCoreClockUpdate
                0x0000000000000000       0xc8 build/system_stm32l0xx.o
 .rodata.AHBPrescTable
                0x0000000000000000       0x10 build/system_stm32l0xx.o
 .rodata.APBPrescTable
                0x0000000000000000        0x8 build/system_stm32l0xx.o
 .rodata.PLLMulTable
                0x0000000000000000        0x9 build/system_stm32l0xx.o
 .text          0x0000000000000000       0x14 build/startup_stm32l011xx.o
 .data          0x0000000000000000        0x0 build/startup_stm32l011xx.o
 .bss           0x0000000000000000        0x0 build/startup_stm32l011xx.o
 .text          0x0000000000000000        0x0 /usr/local/gcc-arm-none-eabi-6-2017-q2-update/bin/../lib/gcc/arm-none-eabi/6.3.1/../../../../arm-none-eabi/lib/thumb/v6-m/libc_nano.a(lib_a-exit.o)
 .data          0x0000000000000000        0x0 /usr/local/gcc-arm-none-eabi-6-2017-q2-update/bin/../lib/gcc/arm-none-eabi/6.3.1/../../../../arm-none-eabi/lib/thumb/v6-m/libc_nano.a(lib_a-exit.o)
 .bss           0x0000000000000000        0x0 /usr/local/gcc-arm-none-eabi-6-2017-q2-update/bin/../lib/gcc/arm-none-eabi/6.3.1/../../../../arm-none-eabi/lib/thumb/v6-m/libc_nano.a(lib_a-exit.o)
 .text.exit     0x0000000000000000       0x2c /usr/local/gcc-arm-none-eabi-6-2017-q2-update/bin/../lib/gcc/arm-none-eabi/6.3.1/../../../../arm-none-eabi/lib/thumb/v6-m/libc_nano.a(lib_a-exit.o)
 .debug_frame   0x0000000000000000       0x28 /usr/local/gcc-arm-none-eabi-6-2017-q2-update/bin/../lib/gcc/arm-none-eabi/6.3.1/../../../../arm-none-eabi/lib/thumb/v6-m/libc_nano.a(lib_a-exit.o)
 .ARM.attributes
                0x0000000000000000       0x2c /usr/local/gcc-arm-none-eabi-6-2017-q2-update/bin/../lib/gcc/arm-none-eabi/6.3.1/../../../../arm-none-eabi/lib/thumb/v6-m/libc_nano.a(lib_a-exit.o)
 .text          0x0000000000000000        0x0 /usr/local/gcc-arm-none-eabi-6-2017-q2-update/bin/../lib/gcc/arm-none-eabi/6.3.1/../../../../arm-none-eabi/lib/thumb/v6-m/libc_nano.a(lib_a-impure.o)
 .data          0x0000000000000000        0x0 /usr/local/gcc-arm-none-eabi-6-2017-q2-update/bin/../lib/gcc/arm-none-eabi/6.3.1/../../../../arm-none-eabi/lib/thumb/v6-m/libc_nano.a(lib_a-impure.o)
 .bss           0x0000000000000000        0x0 /usr/local/gcc-arm-none-eabi-6-2017-q2-update/bin/../lib/gcc/arm-none-eabi/6.3.1/../../../../arm-none-eabi/lib/thumb/v6-m/libc_nano.a(lib_a-impure.o)
 .data._impure_ptr
                0x0000000000000000        0x4 /usr/local/gcc-arm-none-eabi-6-2017-q2-update/bin/../lib/gcc/arm-none-eabi/6.3.1/../../../../arm-none-eabi/lib/thumb/v6-m/libc_nano.a(lib_a-impure.o)
 .data.impure_data
                0x0000000000000000       0x60 /usr/local/gcc-arm-none-eabi-6-2017-q2-update/bin/../lib/gcc/arm-none-eabi/6.3.1/../../../../arm-none-eabi/lib/thumb/v6-m/libc_nano.a(lib_a-impure.o)
 .rodata._global_impure_ptr
                0x0000000000000000        0x4 /usr/local/gcc-arm-none-eabi-6-2017-q2-update/bin/../lib/gcc/arm-none-eabi/6.3.1/../../../../arm-none-eabi/lib/thumb/v6-m/libc_nano.a(lib_a-impure.o)
 .ARM.attributes
                0x0000000000000000       0x2c /usr/local/gcc-arm-none-eabi-6-2017-q2-update/bin/../lib/gcc/arm-none-eabi/6.3.1/../../../../arm-none-eabi/lib/thumb/v6-m/libc_nano.a(lib_a-impure.o)
 .text          0x0000000000000000        0x0 /usr/local/gcc-arm-none-eabi-6-2017-q2-update/bin/../lib/gcc/arm-none-eabi/6.3.1/../../../../arm-none-eabi/lib/thumb/v6-m/libc_nano.a(lib_a-init.o)
 .data          0x0000000000000000        0x0 /usr/local/gcc-arm-none-eabi-6-2017-q2-update/bin/../lib/gcc/arm-none-eabi/6.3.1/../../../../arm-none-eabi/lib/thumb/v6-m/libc_nano.a(lib_a-init.o)
 .bss           0x0000000000000000        0x0 /usr/local/gcc-arm-none-eabi-6-2017-q2-update/bin/../lib/gcc/arm-none-eabi/6.3.1/../../../../arm-none-eabi/lib/thumb/v6-m/libc_nano.a(lib_a-init.o)
 .text          0x0000000000000000        0x0 /usr/local/gcc-arm-none-eabi-6-2017-q2-update/bin/../lib/gcc/arm-none-eabi/6.3.1/../../../../arm-none-eabi/lib/thumb/v6-m/libc_nano.a(lib_a-memset.o)
 .data          0x0000000000000000        0x0 /usr/local/gcc-arm-none-eabi-6-2017-q2-update/bin/../lib/gcc/arm-none-eabi/6.3.1/../../../../arm-none-eabi/lib/thumb/v6-m/libc_nano.a(lib_a-memset.o)
 .bss           0x0000000000000000        0x0 /usr/local/gcc-arm-none-eabi-6-2017-q2-update/bin/../lib/gcc/arm-none-eabi/6.3.1/../../../../arm-none-eabi/lib/thumb/v6-m/libc_nano.a(lib_a-memset.o)
 .text.memset   0x0000000000000000       0x10 /usr/local/gcc-arm-none-eabi-6-2017-q2-update/bin/../lib/gcc/arm-none-eabi/6.3.1/../../../../arm-none-eabi/lib/thumb/v6-m/libc_nano.a(lib_a-memset.o)
 .debug_frame   0x0000000000000000       0x20 /usr/local/gcc-arm-none-eabi-6-2017-q2-update/bin/../lib/gcc/arm-none-eabi/6.3.1/../../../../arm-none-eabi/lib/thumb/v6-m/libc_nano.a(lib_a-memset.o)
 .ARM.attributes
                0x0000000000000000       0x2c /usr/local/gcc-arm-none-eabi-6-2017-q2-update/bin/../lib/gcc/arm-none-eabi/6.3.1/../../../../arm-none-eabi/lib/thumb/v6-m/libc_nano.a(lib_a-memset.o)
 .text          0x0000000000000000        0x0 /usr/local/gcc-arm-none-eabi-6-2017-q2-update/bin/../lib/gcc/arm-none-eabi/6.3.1/../../../../arm-none-eabi/lib/thumb/v6-m/libnosys.a(_exit.o)
 .data          0x0000000000000000        0x0 /usr/local/gcc-arm-none-eabi-6-2017-q2-update/bin/../lib/gcc/arm-none-eabi/6.3.1/../../../../arm-none-eabi/lib/thumb/v6-m/libnosys.a(_exit.o)
 .bss           0x0000000000000000        0x0 /usr/local/gcc-arm-none-eabi-6-2017-q2-update/bin/../lib/gcc/arm-none-eabi/6.3.1/../../../../arm-none-eabi/lib/thumb/v6-m/libnosys.a(_exit.o)
 .text._exit    0x0000000000000000        0x4 /usr/local/gcc-arm-none-eabi-6-2017-q2-update/bin/../lib/gcc/arm-none-eabi/6.3.1/../../../../arm-none-eabi/lib/thumb/v6-m/libnosys.a(_exit.o)
 .debug_frame   0x0000000000000000       0x20 /usr/local/gcc-arm-none-eabi-6-2017-q2-update/bin/../lib/gcc/arm-none-eabi/6.3.1/../../../../arm-none-eabi/lib/thumb/v6-m/libnosys.a(_exit.o)
 .ARM.attributes
                0x0000000000000000       0x2c /usr/local/gcc-arm-none-eabi-6-2017-q2-update/bin/../lib/gcc/arm-none-eabi/6.3.1/../../../../arm-none-eabi/lib/thumb/v6-m/libnosys.a(_exit.o)
 .data          0x0000000000000000        0x0 /usr/local/gcc-arm-none-eabi-6-2017-q2-update/bin/../lib/gcc/arm-none-eabi/6.3.1/thumb/v6-m/libgcc.a(_udivsi3.o)
 .bss           0x0000000000000000        0x0 /usr/local/gcc-arm-none-eabi-6-2017-q2-update/bin/../lib/gcc/arm-none-eabi/6.3.1/thumb/v6-m/libgcc.a(_udivsi3.o)
 .data          0x0000000000000000        0x0 /usr/local/gcc-arm-none-eabi-6-2017-q2-update/bin/../lib/gcc/arm-none-eabi/6.3.1/thumb/v6-m/libgcc.a(_dvmd_tls.o)
 .bss           0x0000000000000000        0x0 /usr/local/gcc-arm-none-eabi-6-2017-q2-update/bin/../lib/gcc/arm-none-eabi/6.3.1/thumb/v6-m/libgcc.a(_dvmd_tls.o)
 .text          0x0000000000000000        0x0 /usr/local/gcc-arm-none-eabi-6-2017-q2-update/bin/../lib/gcc/arm-none-eabi/6.3.1/thumb/v6-m/crtend.o
 .data          0x0000000000000000        0x0 /usr/local/gcc-arm-none-eabi-6-2017-q2-update/bin/../lib/gcc/arm-none-eabi/6.3.1/thumb/v6-m/crtend.o
 .bss           0x0000000000000000        0x0 /usr/local/gcc-arm-none-eabi-6-2017-q2-update/bin/../lib/gcc/arm-none-eabi/6.3.1/thumb/v6-m/crtend.o
 .eh_frame      0x0000000000000000        0x4 /usr/local/gcc-arm-none-eabi-6-2017-q2-update/bin/../lib/gcc/arm-none-eabi/6.3.1/thumb/v6-m/crtend.o
 .jcr           0x0000000000000000        0x4 /usr/local/gcc-arm-none-eabi-6-2017-q2-update/bin/../lib/gcc/arm-none-eabi/6.3.1/thumb/v6-m/crtend.o
 .ARM.attributes
                0x0000000000000000       0x2c /usr/local/gcc-arm-none-eabi-6-2017-q2-update/bin/../lib/gcc/arm-none-eabi/6.3.1/thumb/v6-m/crtend.o
 .text          0x0000000000000000        0x0 /usr/local/gcc-arm-none-eabi-6-2017-q2-update/bin/../lib/gcc/arm-none-eabi/6.3.1/thumb/v6-m/crtn.o
 .data          0x0000000000000000        0x0 /usr/local/gcc-arm-none-eabi-6-2017-q2-update/bin/../lib/gcc/arm-none-eabi/6.3.1/thumb/v6-m/crtn.o
 .bss           0x0000000000000000        0x0 /usr/local/gcc-arm-none-eabi-6-2017-q2-update/bin/../lib/gcc/arm-none-eabi/6.3.1/thumb/v6-m/crtn.o

Memory Configuration

Name             Origin             Length             Attributes
RAM              0x0000000020000000 0x0000000000000800 xrw
FLASH            0x0000000008000000 0x0000000000002000 xr
*default*        0x0000000000000000 0xffffffffffffffff

Linker script and memory map

LOAD /usr/local/gcc-arm-none-eabi-6-2017-q2-update/bin/../lib/gcc/arm-none-eabi/6.3.1/thumb/v6-m/crti.o
LOAD /usr/local/gcc-arm-none-eabi-6-2017-q2-update/bin/../lib/gcc/arm-none-eabi/6.3.1/thumb/v6-m/crtbegin.o
LOAD /usr/local/gcc-arm-none-eabi-6-2017-q2-update/bin/../lib/gcc/arm-none-eabi/6.3.1/../../../../arm-none-eabi/lib/thumb/v6-m/crt0.o
LOAD build/main.o
LOAD build/gpio.o
LOAD build/stm32l0xx_it.o
LOAD build/stm32l0xx_ll_gpio.o
LOAD build/stm32l0xx_ll_pwr.o
LOAD build/stm32l0xx_ll_exti.o
LOAD build/stm32l0xx_ll_rcc.o
LOAD build/stm32l0xx_ll_utils.o
LOAD build/system_stm32l0xx.o
LOAD build/startup_stm32l011xx.o
LOAD /usr/local/gcc-arm-none-eabi-6-2017-q2-update/bin/../lib/gcc/arm-none-eabi/6.3.1/../../../../arm-none-eabi/lib/thumb/v6-m/libc_nano.a
LOAD /usr/local/gcc-arm-none-eabi-6-2017-q2-update/bin/../lib/gcc/arm-none-eabi/6.3.1/../../../../arm-none-eabi/lib/thumb/v6-m/libm.a
LOAD /usr/local/gcc-arm-none-eabi-6-2017-q2-update/bin/../lib/gcc/arm-none-eabi/6.3.1/../../../../arm-none-eabi/lib/thumb/v6-m/libnosys.a
START GROUP
LOAD /usr/local/gcc-arm-none-eabi-6-2017-q2-update/bin/../lib/gcc/arm-none-eabi/6.3.1/thumb/v6-m/libgcc.a
LOAD /usr/local/gcc-arm-none-eabi-6-2017-q2-update/bin/../lib/gcc/arm-none-eabi/6.3.1/../../../../arm-none-eabi/lib/thumb/v6-m/libc_nano.a
END GROUP
START GROUP
LOAD /usr/local/gcc-arm-none-eabi-6-2017-q2-update/bin/../lib/gcc/arm-none-eabi/6.3.1/thumb/v6-m/libgcc.a
LOAD /usr/local/gcc-arm-none-eabi-6-2017-q2-update/bin/../lib/gcc/arm-none-eabi/6.3.1/../../../../arm-none-eabi/lib/thumb/v6-m/libc_nano.a
END GROUP
LOAD /usr/local/gcc-arm-none-eabi-6-2017-q2-update/bin/../lib/gcc/arm-none-eabi/6.3.1/thumb/v6-m/crtend.o
LOAD /usr/local/gcc-arm-none-eabi-6-2017-q2-update/bin/../lib/gcc/arm-none-eabi/6.3.1/thumb/v6-m/crtn.o
                0x0000000020000800                _estack = 0x20000800
                0x0000000000000200                _Min_Heap_Size = 0x200
                0x0000000000000400                _Min_Stack_Size = 0x400

.isr_vector     0x0000000008000000       0xc0
                0x0000000008000000                . = ALIGN (0x4)
 *(.isr_vector)
 .isr_vector    0x0000000008000000       0xc0 build/startup_stm32l011xx.o
                0x0000000008000000                g_pfnVectors
                0x00000000080000c0                . = ALIGN (0x4)

.text           0x00000000080000c0      0x550
                0x00000000080000c0                . = ALIGN (0x4)
 *(.text)
 .text          0x00000000080000c0       0x60 /usr/local/gcc-arm-none-eabi-6-2017-q2-update/bin/../lib/gcc/arm-none-eabi/6.3.1/thumb/v6-m/crtbegin.o
 .text          0x0000000008000120      0x114 /usr/local/gcc-arm-none-eabi-6-2017-q2-update/bin/../lib/gcc/arm-none-eabi/6.3.1/thumb/v6-m/libgcc.a(_udivsi3.o)
                0x0000000008000120                __udivsi3
                0x0000000008000120                __aeabi_uidiv
                0x000000000800022c                __aeabi_uidivmod
 .text          0x0000000008000234        0x4 /usr/local/gcc-arm-none-eabi-6-2017-q2-update/bin/../lib/gcc/arm-none-eabi/6.3.1/thumb/v6-m/libgcc.a(_dvmd_tls.o)
                0x0000000008000234                __aeabi_ldiv0
                0x0000000008000234                __aeabi_idiv0
 *(.text*)
 .text.LL_Init  0x0000000008000238       0x50 build/main.o
 .text._Error_Handler
                0x0000000008000288        0x2 build/main.o
                0x0000000008000288                _Error_Handler
 *fill*         0x000000000800028a        0x2 
 .text.SystemClock_Config
                0x000000000800028c       0xd0 build/main.o
                0x000000000800028c                SystemClock_Config
 .text.main     0x000000000800035c       0x34 build/main.o
                0x000000000800035c                main
 .text.MY_GPIO_Set
                0x0000000008000390        0x8 build/gpio.o
                0x0000000008000390                MY_GPIO_Set
 .text.MY_GPIO_Reset
                0x0000000008000398        0xa build/gpio.o
                0x0000000008000398                MY_GPIO_Reset
 *fill*         0x00000000080003a2        0x2 
 .text.MX_GPIO_Init
                0x00000000080003a4       0x50 build/gpio.o
                0x00000000080003a4                MX_GPIO_Init
 .text.NMI_Handler
                0x00000000080003f4        0x2 build/stm32l0xx_it.o
                0x00000000080003f4                NMI_Handler
 .text.HardFault_Handler
                0x00000000080003f6        0x2 build/stm32l0xx_it.o
                0x00000000080003f6                HardFault_Handler
 .text.SVC_Handler
                0x00000000080003f8        0x2 build/stm32l0xx_it.o
                0x00000000080003f8                SVC_Handler
 .text.PendSV_Handler
                0x00000000080003fa        0x2 build/stm32l0xx_it.o
                0x00000000080003fa                PendSV_Handler
 .text.SysTick_Handler
                0x00000000080003fc        0x2 build/stm32l0xx_it.o
                0x00000000080003fc                SysTick_Handler
 .text.LL_GPIO_Init
                0x00000000080003fe       0xa4 build/stm32l0xx_ll_gpio.o
                0x00000000080003fe                LL_GPIO_Init
 *fill*         0x00000000080004a2        0x2 
 .text.LL_Init1msTick
                0x00000000080004a4       0x20 build/stm32l0xx_ll_utils.o
                0x00000000080004a4                LL_Init1msTick
 .text.LL_SetSystemCoreClock
                0x00000000080004c4        0xc build/stm32l0xx_ll_utils.o
                0x00000000080004c4                LL_SetSystemCoreClock
 .text.SystemInit
                0x00000000080004d0       0x5c build/system_stm32l0xx.o
                0x00000000080004d0                SystemInit
 .text.Reset_Handler
                0x000000000800052c       0x80 build/startup_stm32l011xx.o
                0x000000000800052c                Reset_Handler
 .text.Default_Handler
                0x00000000080005ac        0x2 build/startup_stm32l011xx.o
                0x00000000080005ac                ADC1_COMP_IRQHandler
                0x00000000080005ac                PVD_IRQHandler
                0x00000000080005ac                I2C1_IRQHandler
                0x00000000080005ac                SPI1_IRQHandler
                0x00000000080005ac                EXTI2_3_IRQHandler
                0x00000000080005ac                RTC_IRQHandler
                0x00000000080005ac                DMA1_Channel4_5_6_7_IRQHandler
                0x00000000080005ac                EXTI4_15_IRQHandler
                0x00000000080005ac                RCC_IRQHandler
                0x00000000080005ac                DMA1_Channel1_IRQHandler
                0x00000000080005ac                Default_Handler
                0x00000000080005ac                EXTI0_1_IRQHandler
                0x00000000080005ac                TIM21_IRQHandler
                0x00000000080005ac                WWDG_IRQHandler
                0x00000000080005ac                LPUART1_IRQHandler
                0x00000000080005ac                TIM2_IRQHandler
                0x00000000080005ac                DMA1_Channel2_3_IRQHandler
                0x00000000080005ac                USART2_IRQHandler
                0x00000000080005ac                FLASH_IRQHandler
                0x00000000080005ac                LPTIM1_IRQHandler
 *fill*         0x00000000080005ae        0x2 
 .text.__libc_init_array
                0x00000000080005b0       0x48 /usr/local/gcc-arm-none-eabi-6-2017-q2-update/bin/../lib/gcc/arm-none-eabi/6.3.1/../../../../arm-none-eabi/lib/thumb/v6-m/libc_nano.a(lib_a-init.o)
                0x00000000080005b0                __libc_init_array
 *(.glue_7)
 .glue_7        0x00000000080005f8        0x0 linker stubs
 *(.glue_7t)
 .glue_7t       0x00000000080005f8        0x0 linker stubs
 *(.eh_frame)
 .eh_frame      0x00000000080005f8        0x0 /usr/local/gcc-arm-none-eabi-6-2017-q2-update/bin/../lib/gcc/arm-none-eabi/6.3.1/thumb/v6-m/crtbegin.o
 *(.init)
 .init          0x00000000080005f8        0x4 /usr/local/gcc-arm-none-eabi-6-2017-q2-update/bin/../lib/gcc/arm-none-eabi/6.3.1/thumb/v6-m/crti.o
                0x00000000080005f8                _init
 .init          0x00000000080005fc        0x8 /usr/local/gcc-arm-none-eabi-6-2017-q2-update/bin/../lib/gcc/arm-none-eabi/6.3.1/thumb/v6-m/crtn.o
 *(.fini)
 .fini          0x0000000008000604        0x4 /usr/local/gcc-arm-none-eabi-6-2017-q2-update/bin/../lib/gcc/arm-none-eabi/6.3.1/thumb/v6-m/crti.o
                0x0000000008000604                _fini
 .fini          0x0000000008000608        0x8 /usr/local/gcc-arm-none-eabi-6-2017-q2-update/bin/../lib/gcc/arm-none-eabi/6.3.1/thumb/v6-m/crtn.o
                0x0000000008000610                . = ALIGN (0x4)
                0x0000000008000610                _etext = .

.vfp11_veneer   0x0000000008000610        0x0
 .vfp11_veneer  0x0000000008000610        0x0 linker stubs

.v4_bx          0x0000000008000610        0x0
 .v4_bx         0x0000000008000610        0x0 linker stubs

.iplt           0x0000000008000610        0x0
 .iplt          0x0000000008000610        0x0 /usr/local/gcc-arm-none-eabi-6-2017-q2-update/bin/../lib/gcc/arm-none-eabi/6.3.1/thumb/v6-m/crtbegin.o

.rodata         0x0000000008000610        0xc
                0x0000000008000610                . = ALIGN (0x4)
 *(.rodata)
 *(.rodata*)
 .rodata.SystemClock_Config.str1.4
                0x0000000008000610        0xc build/main.o
                                          0xb (size before relaxing)
                0x000000000800061c                . = ALIGN (0x4)

.rel.dyn        0x000000000800061c        0x0
 .rel.iplt      0x000000000800061c        0x0 /usr/local/gcc-arm-none-eabi-6-2017-q2-update/bin/../lib/gcc/arm-none-eabi/6.3.1/thumb/v6-m/crtbegin.o

.ARM.extab
 *(.ARM.extab* .gnu.linkonce.armextab.*)

.ARM            0x000000000800061c        0x0
                0x000000000800061c                __exidx_start = .
 *(.ARM.exidx*)
                0x000000000800061c                __exidx_end = .

.preinit_array  0x000000000800061c        0x0
                0x000000000800061c                PROVIDE (__preinit_array_start, .)
 *(.preinit_array*)
                0x000000000800061c                PROVIDE (__preinit_array_end, .)

.init_array     0x000000000800061c        0x4
                0x000000000800061c                PROVIDE (__init_array_start, .)
 *(SORT(.init_array.*))
 *(.init_array*)
 .init_array    0x000000000800061c        0x4 /usr/local/gcc-arm-none-eabi-6-2017-q2-update/bin/../lib/gcc/arm-none-eabi/6.3.1/thumb/v6-m/crtbegin.o
                0x0000000008000620                PROVIDE (__init_array_end, .)

.fini_array     0x0000000008000620        0x4
                [!provide]                        PROVIDE (__fini_array_start, .)
 *(SORT(.fini_array.*))
 *(.fini_array*)
 .fini_array    0x0000000008000620        0x4 /usr/local/gcc-arm-none-eabi-6-2017-q2-update/bin/../lib/gcc/arm-none-eabi/6.3.1/thumb/v6-m/crtbegin.o
                [!provide]                        PROVIDE (__fini_array_end, .)
                0x0000000008000624                _sidata = LOADADDR (.data)

.data           0x0000000020000000        0x4 load address 0x0000000008000624
                0x0000000020000000                . = ALIGN (0x4)
                0x0000000020000000                _sdata = .
 *(.data)
 *(.data*)
 .data.SystemCoreClock
                0x0000000020000000        0x4 build/system_stm32l0xx.o
                0x0000000020000000                SystemCoreClock
                0x0000000020000004                . = ALIGN (0x4)
                0x0000000020000004                _edata = .

.jcr            0x0000000020000004        0x0 load address 0x0000000008000628
 .jcr           0x0000000020000004        0x0 /usr/local/gcc-arm-none-eabi-6-2017-q2-update/bin/../lib/gcc/arm-none-eabi/6.3.1/thumb/v6-m/crtbegin.o

.igot.plt       0x0000000020000004        0x0 load address 0x0000000008000628
 .igot.plt      0x0000000020000004        0x0 /usr/local/gcc-arm-none-eabi-6-2017-q2-update/bin/../lib/gcc/arm-none-eabi/6.3.1/thumb/v6-m/crtbegin.o
                0x0000000020000004                . = ALIGN (0x4)

.bss            0x0000000020000004       0x1c load address 0x0000000008000628
                0x0000000020000004                _sbss = .
                0x0000000020000004                __bss_start__ = _sbss
 *(.bss)
 .bss           0x0000000020000004       0x1c /usr/local/gcc-arm-none-eabi-6-2017-q2-update/bin/../lib/gcc/arm-none-eabi/6.3.1/thumb/v6-m/crtbegin.o
 *(.bss*)
 *(COMMON)
                0x0000000020000020                . = ALIGN (0x4)
                0x0000000020000020                _ebss = .
                0x0000000020000020                __bss_end__ = _ebss

._user_heap_stack
                0x0000000020000020      0x600 load address 0x0000000008000628
                0x0000000020000020                . = ALIGN (0x8)
                [!provide]                        PROVIDE (end, .)
                [!provide]                        PROVIDE (_end, .)
                0x0000000020000220                . = (. + _Min_Heap_Size)
 *fill*         0x0000000020000020      0x200 
                0x0000000020000620                . = (. + _Min_Stack_Size)
 *fill*         0x0000000020000220      0x400 
                0x0000000020000620                . = ALIGN (0x8)

/DISCARD/
 libc.a(*)
 libm.a(*)
 libgcc.a(*)

.ARM.attributes
                0x0000000000000000       0x28
 *(.ARM.attributes)
 .ARM.attributes
                0x0000000000000000       0x1e /usr/local/gcc-arm-none-eabi-6-2017-q2-update/bin/../lib/gcc/arm-none-eabi/6.3.1/thumb/v6-m/crti.o
 .ARM.attributes
                0x000000000000001e       0x2c /usr/local/gcc-arm-none-eabi-6-2017-q2-update/bin/../lib/gcc/arm-none-eabi/6.3.1/thumb/v6-m/crtbegin.o
 .ARM.attributes
                0x000000000000004a       0x32 build/main.o
 .ARM.attributes
                0x000000000000007c       0x32 build/gpio.o
 .ARM.attributes
                0x00000000000000ae       0x32 build/stm32l0xx_it.o
 .ARM.attributes
                0x00000000000000e0       0x32 build/stm32l0xx_ll_gpio.o
 .ARM.attributes
                0x0000000000000112       0x32 build/stm32l0xx_ll_utils.o
 .ARM.attributes
                0x0000000000000144       0x32 build/system_stm32l0xx.o
 .ARM.attributes
                0x0000000000000176       0x22 build/startup_stm32l011xx.o
 .ARM.attributes
                0x0000000000000198       0x2c /usr/local/gcc-arm-none-eabi-6-2017-q2-update/bin/../lib/gcc/arm-none-eabi/6.3.1/../../../../arm-none-eabi/lib/thumb/v6-m/libc_nano.a(lib_a-init.o)
 .ARM.attributes
                0x00000000000001c4       0x1e /usr/local/gcc-arm-none-eabi-6-2017-q2-update/bin/../lib/gcc/arm-none-eabi/6.3.1/thumb/v6-m/libgcc.a(_udivsi3.o)
 .ARM.attributes
                0x00000000000001e2       0x1e /usr/local/gcc-arm-none-eabi-6-2017-q2-update/bin/../lib/gcc/arm-none-eabi/6.3.1/thumb/v6-m/libgcc.a(_dvmd_tls.o)
 .ARM.attributes
                0x0000000000000200       0x1e /usr/local/gcc-arm-none-eabi-6-2017-q2-update/bin/../lib/gcc/arm-none-eabi/6.3.1/thumb/v6-m/crtn.o
OUTPUT(build/gpio_01.elf elf32-littlearm)

.debug_info     0x0000000000000000     0x2a0a
 .debug_info    0x0000000000000000      0xc2b build/main.o
 .debug_info    0x0000000000000c2b      0x597 build/gpio.o
 .debug_info    0x00000000000011c2      0x1aa build/stm32l0xx_it.o
 .debug_info    0x000000000000136c      0x7a0 build/stm32l0xx_ll_gpio.o
 .debug_info    0x0000000000001b0c      0xaba build/stm32l0xx_ll_utils.o
 .debug_info    0x00000000000025c6      0x3d6 build/system_stm32l0xx.o
 .debug_info    0x000000000000299c       0x6e build/startup_stm32l011xx.o

.debug_abbrev   0x0000000000000000      0xa90
 .debug_abbrev  0x0000000000000000      0x290 build/main.o
 .debug_abbrev  0x0000000000000290      0x1d3 build/gpio.o
 .debug_abbrev  0x0000000000000463       0x8a build/stm32l0xx_it.o
 .debug_abbrev  0x00000000000004ed      0x1e0 build/stm32l0xx_ll_gpio.o
 .debug_abbrev  0x00000000000006cd      0x2b2 build/stm32l0xx_ll_utils.o
 .debug_abbrev  0x000000000000097f       0xff build/system_stm32l0xx.o
 .debug_abbrev  0x0000000000000a7e       0x12 build/startup_stm32l011xx.o

.debug_loc      0x0000000000000000      0xf31
 .debug_loc     0x0000000000000000      0x1e6 build/main.o
 .debug_loc     0x00000000000001e6       0xf7 build/gpio.o
 .debug_loc     0x00000000000002dd      0x317 build/stm32l0xx_ll_gpio.o
 .debug_loc     0x00000000000005f4      0x74e build/stm32l0xx_ll_utils.o
 .debug_loc     0x0000000000000d42      0x1ef build/system_stm32l0xx.o

.debug_aranges  0x0000000000000000      0x190
 .debug_aranges
                0x0000000000000000       0x38 build/main.o
 .debug_aranges
                0x0000000000000038       0x38 build/gpio.o
 .debug_aranges
                0x0000000000000070       0x40 build/stm32l0xx_it.o
 .debug_aranges
                0x00000000000000b0       0x30 build/stm32l0xx_ll_gpio.o
 .debug_aranges
                0x00000000000000e0       0x60 build/stm32l0xx_ll_utils.o
 .debug_aranges
                0x0000000000000140       0x28 build/system_stm32l0xx.o
 .debug_aranges
                0x0000000000000168       0x28 build/startup_stm32l011xx.o

.debug_ranges   0x0000000000000000      0x128
 .debug_ranges  0x0000000000000000       0x28 build/main.o
 .debug_ranges  0x0000000000000028       0x28 build/gpio.o
 .debug_ranges  0x0000000000000050       0x30 build/stm32l0xx_it.o
 .debug_ranges  0x0000000000000080       0x20 build/stm32l0xx_ll_gpio.o
 .debug_ranges  0x00000000000000a0       0x50 build/stm32l0xx_ll_utils.o
 .debug_ranges  0x00000000000000f0       0x18 build/system_stm32l0xx.o
 .debug_ranges  0x0000000000000108       0x20 build/startup_stm32l011xx.o

.debug_line     0x0000000000000000     0x130d
 .debug_line    0x0000000000000000      0x3c2 build/main.o
 .debug_line    0x00000000000003c2      0x270 build/gpio.o
 .debug_line    0x0000000000000632      0x229 build/stm32l0xx_it.o
 .debug_line    0x000000000000085b      0x31f build/stm32l0xx_ll_gpio.o
 .debug_line    0x0000000000000b7a      0x4e0 build/stm32l0xx_ll_utils.o
 .debug_line    0x000000000000105a      0x227 build/system_stm32l0xx.o
 .debug_line    0x0000000000001281       0x8c build/startup_stm32l011xx.o

.debug_str      0x0000000000000000      0xc51
 .debug_str     0x0000000000000000      0x68b build/main.o
                                        0x720 (size before relaxing)
 .debug_str     0x000000000000068b       0x9f build/gpio.o
                                        0x386 (size before relaxing)
 .debug_str     0x000000000000072a       0x5c build/stm32l0xx_it.o
                                        0x228 (size before relaxing)
 .debug_str     0x0000000000000786      0x174 build/stm32l0xx_ll_gpio.o
                                        0x42f (size before relaxing)
 .debug_str     0x00000000000008fa      0x2fe build/stm32l0xx_ll_utils.o
                                        0x68b (size before relaxing)
 .debug_str     0x0000000000000bf8       0x59 build/system_stm32l0xx.o
                                        0x2d9 (size before relaxing)

.comment        0x0000000000000000       0x7f
 .comment       0x0000000000000000       0x7f build/main.o
                                         0x80 (size before relaxing)
 .comment       0x000000000000007f       0x80 build/gpio.o
 .comment       0x000000000000007f       0x80 build/stm32l0xx_it.o
 .comment       0x000000000000007f       0x80 build/stm32l0xx_ll_gpio.o
 .comment       0x000000000000007f       0x80 build/stm32l0xx_ll_utils.o
 .comment       0x000000000000007f       0x80 build/system_stm32l0xx.o

.debug_frame    0x0000000000000000      0x304
 .debug_frame   0x0000000000000000       0x6c build/main.o
 .debug_frame   0x000000000000006c       0x68 build/gpio.o
 .debug_frame   0x00000000000000d4       0x60 build/stm32l0xx_it.o
 .debug_frame   0x0000000000000134       0x54 build/stm32l0xx_ll_gpio.o
 .debug_frame   0x0000000000000188       0xf4 build/stm32l0xx_ll_utils.o
 .debug_frame   0x000000000000027c       0x3c build/system_stm32l0xx.o
 .debug_frame   0x00000000000002b8       0x2c /usr/local/gcc-arm-none-eabi-6-2017-q2-update/bin/../lib/gcc/arm-none-eabi/6.3.1/../../../../arm-none-eabi/lib/thumb/v6-m/libc_nano.a(lib_a-init.o)
 .debug_frame   0x00000000000002e4       0x20 /usr/local/gcc-arm-none-eabi-6-2017-q2-update/bin/../lib/gcc/arm-none-eabi/6.3.1/thumb/v6-m/libgcc.a(_udivsi3.o)

Cross Reference Table

Symbol                                            File
ADC1_COMP_IRQHandler                              build/startup_stm32l011xx.o
AHBPrescTable                                     build/system_stm32l0xx.o
                                                  build/stm32l0xx_ll_utils.o
                                                  build/stm32l0xx_ll_rcc.o
APBPrescTable                                     build/system_stm32l0xx.o
                                                  build/stm32l0xx_ll_rcc.o
DMA1_Channel1_IRQHandler                          build/startup_stm32l011xx.o
DMA1_Channel2_3_IRQHandler                        build/startup_stm32l011xx.o
DMA1_Channel4_5_6_7_IRQHandler                    build/startup_stm32l011xx.o
Default_Handler                                   build/startup_stm32l011xx.o
EXTI0_1_IRQHandler                                build/startup_stm32l011xx.o
EXTI2_3_IRQHandler                                build/startup_stm32l011xx.o
EXTI4_15_IRQHandler                               build/startup_stm32l011xx.o
FLASH_IRQHandler                                  build/startup_stm32l011xx.o
HardFault_Handler                                 build/stm32l0xx_it.o
I2C1_IRQHandler                                   build/startup_stm32l011xx.o
LL_EXTI_DeInit                                    build/stm32l0xx_ll_exti.o
LL_EXTI_Init                                      build/stm32l0xx_ll_exti.o
LL_EXTI_StructInit                                build/stm32l0xx_ll_exti.o
LL_GPIO_DeInit                                    build/stm32l0xx_ll_gpio.o
LL_GPIO_Init                                      build/stm32l0xx_ll_gpio.o
                                                  build/gpio.o
LL_GPIO_StructInit                                build/stm32l0xx_ll_gpio.o
LL_Init1msTick                                    build/stm32l0xx_ll_utils.o
                                                  build/main.o
LL_PLL_ConfigSystemClock_HSE                      build/stm32l0xx_ll_utils.o
LL_PLL_ConfigSystemClock_HSI                      build/stm32l0xx_ll_utils.o
LL_PWR_DeInit                                     build/stm32l0xx_ll_pwr.o
LL_RCC_DeInit                                     build/stm32l0xx_ll_rcc.o
LL_RCC_GetI2CClockFreq                            build/stm32l0xx_ll_rcc.o
LL_RCC_GetLPTIMClockFreq                          build/stm32l0xx_ll_rcc.o
LL_RCC_GetLPUARTClockFreq                         build/stm32l0xx_ll_rcc.o
LL_RCC_GetSystemClocksFreq                        build/stm32l0xx_ll_rcc.o
LL_RCC_GetUSARTClockFreq                          build/stm32l0xx_ll_rcc.o
LL_SetSystemCoreClock                             build/stm32l0xx_ll_utils.o
                                                  build/main.o
LL_mDelay                                         build/stm32l0xx_ll_utils.o
LPTIM1_IRQHandler                                 build/startup_stm32l011xx.o
LPUART1_IRQHandler                                build/startup_stm32l011xx.o
MX_GPIO_Init                                      build/gpio.o
                                                  build/main.o
MY_GPIO_Reset                                     build/gpio.o
                                                  build/main.o
MY_GPIO_Set                                       build/gpio.o
                                                  build/main.o
MY_GPIO_Toggle                                    build/gpio.o
NMI_Handler                                       build/stm32l0xx_it.o
PLLMulTable                                       build/system_stm32l0xx.o
                                                  build/stm32l0xx_ll_utils.o
                                                  build/stm32l0xx_ll_rcc.o
PVD_IRQHandler                                    build/startup_stm32l011xx.o
PendSV_Handler                                    build/stm32l0xx_it.o
RCC_GetHCLKClockFreq                              build/stm32l0xx_ll_rcc.o
RCC_GetPCLK1ClockFreq                             build/stm32l0xx_ll_rcc.o
RCC_GetPCLK2ClockFreq                             build/stm32l0xx_ll_rcc.o
RCC_GetSystemClockFreq                            build/stm32l0xx_ll_rcc.o
RCC_IRQHandler                                    build/startup_stm32l011xx.o
RCC_PLL_GetFreqDomain_SYS                         build/stm32l0xx_ll_rcc.o
RTC_IRQHandler                                    build/startup_stm32l011xx.o
Reset_Handler                                     build/startup_stm32l011xx.o
SPI1_IRQHandler                                   build/startup_stm32l011xx.o
SVC_Handler                                       build/stm32l0xx_it.o
SysTick_Handler                                   build/stm32l0xx_it.o
SystemClock_Config                                build/main.o
SystemCoreClock                                   build/system_stm32l0xx.o
                                                  build/stm32l0xx_ll_utils.o
SystemCoreClockUpdate                             build/system_stm32l0xx.o
SystemInit                                        build/system_stm32l0xx.o
                                                  build/startup_stm32l011xx.o
TIM21_IRQHandler                                  build/startup_stm32l011xx.o
TIM2_IRQHandler                                   build/startup_stm32l011xx.o
USART2_IRQHandler                                 build/startup_stm32l011xx.o
WWDG_IRQHandler                                   build/startup_stm32l011xx.o
_Error_Handler                                    build/main.o
_Jv_RegisterClasses                               /usr/local/gcc-arm-none-eabi-6-2017-q2-update/bin/../lib/gcc/arm-none-eabi/6.3.1/thumb/v6-m/crtbegin.o
__aeabi_idiv0                                     /usr/local/gcc-arm-none-eabi-6-2017-q2-update/bin/../lib/gcc/arm-none-eabi/6.3.1/thumb/v6-m/libgcc.a(_dvmd_tls.o)
                                                  /usr/local/gcc-arm-none-eabi-6-2017-q2-update/bin/../lib/gcc/arm-none-eabi/6.3.1/thumb/v6-m/libgcc.a(_udivsi3.o)
__aeabi_ldiv0                                     /usr/local/gcc-arm-none-eabi-6-2017-q2-update/bin/../lib/gcc/arm-none-eabi/6.3.1/thumb/v6-m/libgcc.a(_dvmd_tls.o)
__aeabi_uidiv                                     /usr/local/gcc-arm-none-eabi-6-2017-q2-update/bin/../lib/gcc/arm-none-eabi/6.3.1/thumb/v6-m/libgcc.a(_udivsi3.o)
                                                  build/system_stm32l0xx.o
                                                  build/stm32l0xx_ll_utils.o
                                                  build/stm32l0xx_ll_rcc.o
__aeabi_uidivmod                                  /usr/local/gcc-arm-none-eabi-6-2017-q2-update/bin/../lib/gcc/arm-none-eabi/6.3.1/thumb/v6-m/libgcc.a(_udivsi3.o)
__bss_end__                                       /usr/local/gcc-arm-none-eabi-6-2017-q2-update/bin/../lib/gcc/arm-none-eabi/6.3.1/../../../../arm-none-eabi/lib/thumb/v6-m/crt0.o
__bss_start__                                     /usr/local/gcc-arm-none-eabi-6-2017-q2-update/bin/../lib/gcc/arm-none-eabi/6.3.1/../../../../arm-none-eabi/lib/thumb/v6-m/crt0.o
__call_exitprocs                                  /usr/local/gcc-arm-none-eabi-6-2017-q2-update/bin/../lib/gcc/arm-none-eabi/6.3.1/../../../../arm-none-eabi/lib/thumb/v6-m/libc_nano.a(lib_a-exit.o)
__deregister_frame_info                           /usr/local/gcc-arm-none-eabi-6-2017-q2-update/bin/../lib/gcc/arm-none-eabi/6.3.1/thumb/v6-m/crtbegin.o
__dso_handle                                      /usr/local/gcc-arm-none-eabi-6-2017-q2-update/bin/../lib/gcc/arm-none-eabi/6.3.1/thumb/v6-m/crtbegin.o
__init_array_end                                  /usr/local/gcc-arm-none-eabi-6-2017-q2-update/bin/../lib/gcc/arm-none-eabi/6.3.1/../../../../arm-none-eabi/lib/thumb/v6-m/libc_nano.a(lib_a-init.o)
__init_array_start                                /usr/local/gcc-arm-none-eabi-6-2017-q2-update/bin/../lib/gcc/arm-none-eabi/6.3.1/../../../../arm-none-eabi/lib/thumb/v6-m/libc_nano.a(lib_a-init.o)
__libc_fini_array                                 /usr/local/gcc-arm-none-eabi-6-2017-q2-update/bin/../lib/gcc/arm-none-eabi/6.3.1/../../../../arm-none-eabi/lib/thumb/v6-m/crt0.o
__libc_init_array                                 /usr/local/gcc-arm-none-eabi-6-2017-q2-update/bin/../lib/gcc/arm-none-eabi/6.3.1/../../../../arm-none-eabi/lib/thumb/v6-m/libc_nano.a(lib_a-init.o)
                                                  build/startup_stm32l011xx.o
                                                  /usr/local/gcc-arm-none-eabi-6-2017-q2-update/bin/../lib/gcc/arm-none-eabi/6.3.1/../../../../arm-none-eabi/lib/thumb/v6-m/crt0.o
__preinit_array_end                               /usr/local/gcc-arm-none-eabi-6-2017-q2-update/bin/../lib/gcc/arm-none-eabi/6.3.1/../../../../arm-none-eabi/lib/thumb/v6-m/libc_nano.a(lib_a-init.o)
__preinit_array_start                             /usr/local/gcc-arm-none-eabi-6-2017-q2-update/bin/../lib/gcc/arm-none-eabi/6.3.1/../../../../arm-none-eabi/lib/thumb/v6-m/libc_nano.a(lib_a-init.o)
__register_frame_info                             /usr/local/gcc-arm-none-eabi-6-2017-q2-update/bin/../lib/gcc/arm-none-eabi/6.3.1/thumb/v6-m/crtbegin.o
__sf_fake_stderr                                  /usr/local/gcc-arm-none-eabi-6-2017-q2-update/bin/../lib/gcc/arm-none-eabi/6.3.1/../../../../arm-none-eabi/lib/thumb/v6-m/libc_nano.a(lib_a-impure.o)
__sf_fake_stdin                                   /usr/local/gcc-arm-none-eabi-6-2017-q2-update/bin/../lib/gcc/arm-none-eabi/6.3.1/../../../../arm-none-eabi/lib/thumb/v6-m/libc_nano.a(lib_a-impure.o)
__sf_fake_stdout                                  /usr/local/gcc-arm-none-eabi-6-2017-q2-update/bin/../lib/gcc/arm-none-eabi/6.3.1/../../../../arm-none-eabi/lib/thumb/v6-m/libc_nano.a(lib_a-impure.o)
__stack                                           /usr/local/gcc-arm-none-eabi-6-2017-q2-update/bin/../lib/gcc/arm-none-eabi/6.3.1/../../../../arm-none-eabi/lib/thumb/v6-m/crt0.o
__udivsi3                                         /usr/local/gcc-arm-none-eabi-6-2017-q2-update/bin/../lib/gcc/arm-none-eabi/6.3.1/thumb/v6-m/libgcc.a(_udivsi3.o)
_ebss                                             build/startup_stm32l011xx.o
_edata                                            build/startup_stm32l011xx.o
_estack                                           build/startup_stm32l011xx.o
_exit                                             /usr/local/gcc-arm-none-eabi-6-2017-q2-update/bin/../lib/gcc/arm-none-eabi/6.3.1/../../../../arm-none-eabi/lib/thumb/v6-m/libnosys.a(_exit.o)
                                                  /usr/local/gcc-arm-none-eabi-6-2017-q2-update/bin/../lib/gcc/arm-none-eabi/6.3.1/../../../../arm-none-eabi/lib/thumb/v6-m/libc_nano.a(lib_a-exit.o)
_fini                                             /usr/local/gcc-arm-none-eabi-6-2017-q2-update/bin/../lib/gcc/arm-none-eabi/6.3.1/thumb/v6-m/crti.o
_global_impure_ptr                                /usr/local/gcc-arm-none-eabi-6-2017-q2-update/bin/../lib/gcc/arm-none-eabi/6.3.1/../../../../arm-none-eabi/lib/thumb/v6-m/libc_nano.a(lib_a-impure.o)
                                                  /usr/local/gcc-arm-none-eabi-6-2017-q2-update/bin/../lib/gcc/arm-none-eabi/6.3.1/../../../../arm-none-eabi/lib/thumb/v6-m/libc_nano.a(lib_a-exit.o)
_impure_ptr                                       /usr/local/gcc-arm-none-eabi-6-2017-q2-update/bin/../lib/gcc/arm-none-eabi/6.3.1/../../../../arm-none-eabi/lib/thumb/v6-m/libc_nano.a(lib_a-impure.o)
_init                                             /usr/local/gcc-arm-none-eabi-6-2017-q2-update/bin/../lib/gcc/arm-none-eabi/6.3.1/thumb/v6-m/crti.o
                                                  /usr/local/gcc-arm-none-eabi-6-2017-q2-update/bin/../lib/gcc/arm-none-eabi/6.3.1/../../../../arm-none-eabi/lib/thumb/v6-m/libc_nano.a(lib_a-init.o)
_mainCRTStartup                                   /usr/local/gcc-arm-none-eabi-6-2017-q2-update/bin/../lib/gcc/arm-none-eabi/6.3.1/../../../../arm-none-eabi/lib/thumb/v6-m/crt0.o
_sbss                                             build/startup_stm32l011xx.o
_sdata                                            build/startup_stm32l011xx.o
_sidata                                           build/startup_stm32l011xx.o
_start                                            /usr/local/gcc-arm-none-eabi-6-2017-q2-update/bin/../lib/gcc/arm-none-eabi/6.3.1/../../../../arm-none-eabi/lib/thumb/v6-m/crt0.o
atexit                                            /usr/local/gcc-arm-none-eabi-6-2017-q2-update/bin/../lib/gcc/arm-none-eabi/6.3.1/../../../../arm-none-eabi/lib/thumb/v6-m/crt0.o
exit                                              /usr/local/gcc-arm-none-eabi-6-2017-q2-update/bin/../lib/gcc/arm-none-eabi/6.3.1/../../../../arm-none-eabi/lib/thumb/v6-m/libc_nano.a(lib_a-exit.o)
                                                  /usr/local/gcc-arm-none-eabi-6-2017-q2-update/bin/../lib/gcc/arm-none-eabi/6.3.1/../../../../arm-none-eabi/lib/thumb/v6-m/crt0.o
g_pfnVectors                                      build/startup_stm32l011xx.o
hardware_init_hook                                /usr/local/gcc-arm-none-eabi-6-2017-q2-update/bin/../lib/gcc/arm-none-eabi/6.3.1/../../../../arm-none-eabi/lib/thumb/v6-m/crt0.o
main                                              build/main.o
                                                  build/startup_stm32l011xx.o
                                                  /usr/local/gcc-arm-none-eabi-6-2017-q2-update/bin/../lib/gcc/arm-none-eabi/6.3.1/../../../../arm-none-eabi/lib/thumb/v6-m/crt0.o
memset                                            /usr/local/gcc-arm-none-eabi-6-2017-q2-update/bin/../lib/gcc/arm-none-eabi/6.3.1/../../../../arm-none-eabi/lib/thumb/v6-m/libc_nano.a(lib_a-memset.o)
                                                  /usr/local/gcc-arm-none-eabi-6-2017-q2-update/bin/../lib/gcc/arm-none-eabi/6.3.1/../../../../arm-none-eabi/lib/thumb/v6-m/crt0.o
software_init_hook                                /usr/local/gcc-arm-none-eabi-6-2017-q2-update/bin/../lib/gcc/arm-none-eabi/6.3.1/../../../../arm-none-eabi/lib/thumb/v6-m/crt0.o
