Archive member included to satisfy reference by file (symbol)

/usr/local/gcc-arm-none-eabi-6-2017-q2-update/bin/../lib/gcc/arm-none-eabi/6.3.1/../../../../arm-none-eabi/lib/thumb/v6-m/libc_nano.a(lib_a-exit.o)
                              /usr/local/gcc-arm-none-eabi-6-2017-q2-update/bin/../lib/gcc/arm-none-eabi/6.3.1/../../../../arm-none-eabi/lib/thumb/v6-m/crt0.o (exit)
/usr/local/gcc-arm-none-eabi-6-2017-q2-update/bin/../lib/gcc/arm-none-eabi/6.3.1/../../../../arm-none-eabi/lib/thumb/v6-m/libc_nano.a(lib_a-impure.o)
                              /usr/local/gcc-arm-none-eabi-6-2017-q2-update/bin/../lib/gcc/arm-none-eabi/6.3.1/../../../../arm-none-eabi/lib/thumb/v6-m/libc_nano.a(lib_a-exit.o) (_global_impure_ptr)
/usr/local/gcc-arm-none-eabi-6-2017-q2-update/bin/../lib/gcc/arm-none-eabi/6.3.1/../../../../arm-none-eabi/lib/thumb/v6-m/libc_nano.a(lib_a-init.o)
                              /usr/local/gcc-arm-none-eabi-6-2017-q2-update/bin/../lib/gcc/arm-none-eabi/6.3.1/../../../../arm-none-eabi/lib/thumb/v6-m/crt0.o (__libc_init_array)
/usr/local/gcc-arm-none-eabi-6-2017-q2-update/bin/../lib/gcc/arm-none-eabi/6.3.1/../../../../arm-none-eabi/lib/thumb/v6-m/libc_nano.a(lib_a-memset.o)
                              /usr/local/gcc-arm-none-eabi-6-2017-q2-update/bin/../lib/gcc/arm-none-eabi/6.3.1/../../../../arm-none-eabi/lib/thumb/v6-m/crt0.o (memset)
/usr/local/gcc-arm-none-eabi-6-2017-q2-update/bin/../lib/gcc/arm-none-eabi/6.3.1/../../../../arm-none-eabi/lib/thumb/v6-m/libnosys.a(_exit.o)
                              /usr/local/gcc-arm-none-eabi-6-2017-q2-update/bin/../lib/gcc/arm-none-eabi/6.3.1/../../../../arm-none-eabi/lib/thumb/v6-m/libc_nano.a(lib_a-exit.o) (_exit)
/usr/local/gcc-arm-none-eabi-6-2017-q2-update/bin/../lib/gcc/arm-none-eabi/6.3.1/thumb/v6-m/libgcc.a(_udivsi3.o)
                              build/system_stm32l0xx.o (__aeabi_uidiv)
/usr/local/gcc-arm-none-eabi-6-2017-q2-update/bin/../lib/gcc/arm-none-eabi/6.3.1/thumb/v6-m/libgcc.a(_dvmd_tls.o)
                              /usr/local/gcc-arm-none-eabi-6-2017-q2-update/bin/../lib/gcc/arm-none-eabi/6.3.1/thumb/v6-m/libgcc.a(_udivsi3.o) (__aeabi_idiv0)

Allocating common symbols
Common symbol       size              file

htim_local          0x38              build/main.o
uwTick              0x4               build/stm32l0xx_hal.o
pFlash              0x18              build/stm32l0xx_hal_flash.o
htim2               0x38              build/tim.o

Discarded input sections

 .text          0x0000000000000000        0x0 /usr/local/gcc-arm-none-eabi-6-2017-q2-update/bin/../lib/gcc/arm-none-eabi/6.3.1/thumb/v6-m/crti.o
 .data          0x0000000000000000        0x0 /usr/local/gcc-arm-none-eabi-6-2017-q2-update/bin/../lib/gcc/arm-none-eabi/6.3.1/thumb/v6-m/crti.o
 .bss           0x0000000000000000        0x0 /usr/local/gcc-arm-none-eabi-6-2017-q2-update/bin/../lib/gcc/arm-none-eabi/6.3.1/thumb/v6-m/crti.o
 .data          0x0000000000000000        0x4 /usr/local/gcc-arm-none-eabi-6-2017-q2-update/bin/../lib/gcc/arm-none-eabi/6.3.1/thumb/v6-m/crtbegin.o
 .text          0x0000000000000000       0x78 /usr/local/gcc-arm-none-eabi-6-2017-q2-update/bin/../lib/gcc/arm-none-eabi/6.3.1/../../../../arm-none-eabi/lib/thumb/v6-m/crt0.o
 .data          0x0000000000000000        0x0 /usr/local/gcc-arm-none-eabi-6-2017-q2-update/bin/../lib/gcc/arm-none-eabi/6.3.1/../../../../arm-none-eabi/lib/thumb/v6-m/crt0.o
 .bss           0x0000000000000000        0x0 /usr/local/gcc-arm-none-eabi-6-2017-q2-update/bin/../lib/gcc/arm-none-eabi/6.3.1/../../../../arm-none-eabi/lib/thumb/v6-m/crt0.o
 .ARM.extab     0x0000000000000000        0x0 /usr/local/gcc-arm-none-eabi-6-2017-q2-update/bin/../lib/gcc/arm-none-eabi/6.3.1/../../../../arm-none-eabi/lib/thumb/v6-m/crt0.o
 .ARM.exidx     0x0000000000000000        0x8 /usr/local/gcc-arm-none-eabi-6-2017-q2-update/bin/../lib/gcc/arm-none-eabi/6.3.1/../../../../arm-none-eabi/lib/thumb/v6-m/crt0.o
 .ARM.attributes
                0x0000000000000000       0x1b /usr/local/gcc-arm-none-eabi-6-2017-q2-update/bin/../lib/gcc/arm-none-eabi/6.3.1/../../../../arm-none-eabi/lib/thumb/v6-m/crt0.o
 .text          0x0000000000000000        0x0 build/main.o
 .data          0x0000000000000000        0x0 build/main.o
 .bss           0x0000000000000000        0x0 build/main.o
 COMMON         0x0000000000000000       0x38 build/main.o
 .text          0x0000000000000000        0x0 build/stm32l0xx_it.o
 .data          0x0000000000000000        0x0 build/stm32l0xx_it.o
 .bss           0x0000000000000000        0x0 build/stm32l0xx_it.o
 .text          0x0000000000000000        0x0 build/system_stm32l0xx.o
 .data          0x0000000000000000        0x0 build/system_stm32l0xx.o
 .bss           0x0000000000000000        0x0 build/system_stm32l0xx.o
 .text.SystemCoreClockUpdate
                0x0000000000000000       0xc8 build/system_stm32l0xx.o
 .rodata.AHBPrescTable
                0x0000000000000000       0x10 build/system_stm32l0xx.o
 .rodata.APBPrescTable
[...]
Memory Configuration

Name             Origin             Length             Attributes
RAM              0x0000000020000000 0x0000000000000800 xrw
FLASH            0x0000000008000000 0x0000000000002000 xr
*default*        0x0000000000000000 0xffffffffffffffff

Linker script and memory map

LOAD /usr/local/gcc-arm-none-eabi-6-2017-q2-update/bin/../lib/gcc/arm-none-eabi/6.3.1/thumb/v6-m/crti.o
LOAD /usr/local/gcc-arm-none-eabi-6-2017-q2-update/bin/../lib/gcc/arm-none-eabi/6.3.1/thumb/v6-m/crtbegin.o
LOAD /usr/local/gcc-arm-none-eabi-6-2017-q2-update/bin/../lib/gcc/arm-none-eabi/6.3.1/../../../../arm-none-eabi/lib/thumb/v6-m/crt0.o
LOAD build/main.o
LOAD build/stm32l0xx_it.o
LOAD build/system_stm32l0xx.o
LOAD build/gpio.o
LOAD build/tim.o
LOAD build/stm32l0xx_hal_msp.o
LOAD build/stm32l0xx_ll_gpio.o
LOAD build/stm32l0xx_hal_tim.o
LOAD build/stm32l0xx_hal_tim_ex.o
LOAD build/stm32l0xx_ll_rcc.o
LOAD build/stm32l0xx_ll_utils.o
LOAD build/stm32l0xx_ll_exti.o
LOAD build/stm32l0xx_hal.o
LOAD build/stm32l0xx_hal_i2c.o
LOAD build/stm32l0xx_hal_i2c_ex.o
LOAD build/stm32l0xx_hal_rcc.o
LOAD build/stm32l0xx_hal_rcc_ex.o
LOAD build/stm32l0xx_hal_flash_ramfunc.o
LOAD build/stm32l0xx_hal_flash.o
LOAD build/stm32l0xx_hal_flash_ex.o
LOAD build/stm32l0xx_hal_gpio.o
LOAD build/stm32l0xx_hal_dma.o
LOAD build/stm32l0xx_hal_pwr.o
LOAD build/stm32l0xx_hal_pwr_ex.o
LOAD build/stm32l0xx_hal_cortex.o
LOAD build/startup_stm32l011xx.o
LOAD /usr/local/gcc-arm-none-eabi-6-2017-q2-update/bin/../lib/gcc/arm-none-eabi/6.3.1/../../../../arm-none-eabi/lib/thumb/v6-m/libc_nano.a
LOAD /usr/local/gcc-arm-none-eabi-6-2017-q2-update/bin/../lib/gcc/arm-none-eabi/6.3.1/../../../../arm-none-eabi/lib/thumb/v6-m/libm.a
LOAD /usr/local/gcc-arm-none-eabi-6-2017-q2-update/bin/../lib/gcc/arm-none-eabi/6.3.1/../../../../arm-none-eabi/lib/thumb/v6-m/libnosys.a
START GROUP
LOAD /usr/local/gcc-arm-none-eabi-6-2017-q2-update/bin/../lib/gcc/arm-none-eabi/6.3.1/thumb/v6-m/libgcc.a
LOAD /usr/local/gcc-arm-none-eabi-6-2017-q2-update/bin/../lib/gcc/arm-none-eabi/6.3.1/../../../../arm-none-eabi/lib/thumb/v6-m/libc_nano.a
END GROUP
START GROUP
LOAD /usr/local/gcc-arm-none-eabi-6-2017-q2-update/bin/../lib/gcc/arm-none-eabi/6.3.1/thumb/v6-m/libgcc.a
LOAD /usr/local/gcc-arm-none-eabi-6-2017-q2-update/bin/../lib/gcc/arm-none-eabi/6.3.1/../../../../arm-none-eabi/lib/thumb/v6-m/libc_nano.a
END GROUP
LOAD /usr/local/gcc-arm-none-eabi-6-2017-q2-update/bin/../lib/gcc/arm-none-eabi/6.3.1/thumb/v6-m/crtend.o
LOAD /usr/local/gcc-arm-none-eabi-6-2017-q2-update/bin/../lib/gcc/arm-none-eabi/6.3.1/thumb/v6-m/crtn.o
                0x0000000020000800                _estack = 0x20000800
                0x0000000000000200                _Min_Heap_Size = 0x200
                0x0000000000000400                _Min_Stack_Size = 0x400

.isr_vector     0x0000000008000000       0xc0
                0x0000000008000000                . = ALIGN (0x4)
 *(.isr_vector)
 .isr_vector    0x0000000008000000       0xc0 build/startup_stm32l011xx.o
                0x0000000008000000                g_pfnVectors
                0x00000000080000c0                . = ALIGN (0x4)

.text           0x00000000080000c0      0xc64
                0x00000000080000c0                . = ALIGN (0x4)
 *(.text)
 .text          0x00000000080000c0       0x60 /usr/local/gcc-arm-none-eabi-6-2017-q2-update/bin/../lib/gcc/arm-none-eabi/6.3.1/thumb/v6-m/crtbegin.o
 .text          0x0000000008000120      0x114 /usr/local/gcc-arm-none-eabi-6-2017-q2-update/bin/../lib/gcc/arm-none-eabi/6.3.1/thumb/v6-m/libgcc.a(_udivsi3.o)
                0x0000000008000120                __udivsi3
                0x0000000008000120                __aeabi_uidiv
                0x000000000800022c                __aeabi_uidivmod
 .text          0x0000000008000234        0x4 /usr/local/gcc-arm-none-eabi-6-2017-q2-update/bin/../lib/gcc/arm-none-eabi/6.3.1/thumb/v6-m/libgcc.a(_dvmd_tls.o)
                0x0000000008000234                __aeabi_ldiv0
                0x0000000008000234                __aeabi_idiv0
 *(.text*)
 .text._Error_Handler
                0x0000000008000238        0x2 build/main.o
                0x0000000008000238                _Error_Handler
 *fill*         0x000000000800023a        0x2 
 .text.SystemClock_Config
                0x000000000800023c       0xd0 build/main.o
                0x000000000800023c                SystemClock_Config
 .text.main     0x000000000800030c       0x18 build/main.o
                0x000000000800030c                main
 .text.NMI_Handler
                0x0000000008000324        0x2 build/stm32l0xx_it.o
                0x0000000008000324                NMI_Handler
 .text.HardFault_Handler
                0x0000000008000326        0x2 build/stm32l0xx_it.o
                0x0000000008000326                HardFault_Handler
 .text.SVC_Handler
                0x0000000008000328        0x2 build/stm32l0xx_it.o
                0x0000000008000328                SVC_Handler
 .text.PendSV_Handler
                0x000000000800032a        0x2 build/stm32l0xx_it.o
                0x000000000800032a                PendSV_Handler
 .text.SysTick_Handler
                0x000000000800032c        0xc build/stm32l0xx_it.o
                0x000000000800032c                SysTick_Handler
 .text.SystemInit
                0x0000000008000338       0x5c build/system_stm32l0xx.o
                0x0000000008000338                SystemInit
 .text.MX_GPIO_Init
                0x0000000008000394       0x1c build/gpio.o
                0x0000000008000394                MX_GPIO_Init
 .text.my_pwm_start
                0x00000000080003b0       0x10 build/tim.o
                0x00000000080003b0                my_pwm_start
 .text.HAL_TIM_Base_MspInit
                0x00000000080003c0       0x1c build/tim.o
                0x00000000080003c0                HAL_TIM_Base_MspInit
 .text.HAL_TIM_MspPostInit
                0x00000000080003dc       0x2e build/tim.o
                0x00000000080003dc                HAL_TIM_MspPostInit
 *fill*         0x000000000800040a        0x2 
 .text.MX_TIM2_Init
                0x000000000800040c       0xb0 build/tim.o
                0x000000000800040c                MX_TIM2_Init
 .text.HAL_MspInit
                0x00000000080004bc       0x40 build/stm32l0xx_hal_msp.o
                0x00000000080004bc                HAL_MspInit
 .text.TIM_Base_SetConfig
                0x00000000080004fc       0x64 build/stm32l0xx_hal_tim.o
 .text.TIM_OC1_SetConfig
                0x0000000008000560       0x2c build/stm32l0xx_hal_tim.o
 .text.TIM_OC2_SetConfig
                0x000000000800058c       0x34 build/stm32l0xx_hal_tim.o
 .text.TIM_OC3_SetConfig
                0x00000000080005c0       0x38 build/stm32l0xx_hal_tim.o
 .text.TIM_OC4_SetConfig
                0x00000000080005f8       0x3c build/stm32l0xx_hal_tim.o
 .text.TIM_TI1_ConfigInputStage
                0x0000000008000634       0x22 build/stm32l0xx_hal_tim.o
 *fill*         0x0000000008000656        0x2 
 .text.TIM_TI2_ConfigInputStage
                0x0000000008000658       0x28 build/stm32l0xx_hal_tim.o
 .text.TIM_ITRx_SetConfig
                0x0000000008000680       0x12 build/stm32l0xx_hal_tim.o
 *fill*         0x0000000008000692        0x2 
 .text.TIM_ETR_SetConfig
                0x0000000008000694       0x18 build/stm32l0xx_hal_tim.o
 .text.TIM_CCxChannelCmd
                0x00000000080006ac       0x16 build/stm32l0xx_hal_tim.o
 .text.HAL_TIM_Base_Init
                0x00000000080006c2       0x34 build/stm32l0xx_hal_tim.o
                0x00000000080006c2                HAL_TIM_Base_Init
 .text.HAL_TIM_PWM_MspInit
                0x00000000080006f6        0x2 build/stm32l0xx_hal_tim.o
                0x00000000080006f6                HAL_TIM_PWM_MspInit
 .text.HAL_TIM_PWM_Init
                0x00000000080006f8       0x34 build/stm32l0xx_hal_tim.o
                0x00000000080006f8                HAL_TIM_PWM_Init
 .text.HAL_TIM_PWM_Start
                0x000000000800072c       0x1a build/stm32l0xx_hal_tim.o
                0x000000000800072c                HAL_TIM_PWM_Start
 *fill*         0x0000000008000746        0x2 
 .text.HAL_TIM_PWM_ConfigChannel
                0x0000000008000748       0xec build/stm32l0xx_hal_tim.o
                0x0000000008000748                HAL_TIM_PWM_ConfigChannel
 .text.HAL_TIM_ConfigClockSource
                0x0000000008000834      0x118 build/stm32l0xx_hal_tim.o
                0x0000000008000834                HAL_TIM_ConfigClockSource
 .text.HAL_TIMEx_MasterConfigSynchronization
                0x000000000800094c       0x4c build/stm32l0xx_hal_tim_ex.o
                0x000000000800094c                HAL_TIMEx_MasterConfigSynchronization
 .text.LL_Init1msTick
                0x0000000008000998       0x20 build/stm32l0xx_ll_utils.o
                0x0000000008000998                LL_Init1msTick
 .text.LL_SetSystemCoreClock
                0x00000000080009b8        0xc build/stm32l0xx_ll_utils.o
                0x00000000080009b8                LL_SetSystemCoreClock
 .text.HAL_InitTick
                0x00000000080009c4       0x28 build/stm32l0xx_hal.o
                0x00000000080009c4                HAL_InitTick
 .text.HAL_Init
                0x00000000080009ec       0x20 build/stm32l0xx_hal.o
                0x00000000080009ec                HAL_Init
 .text.HAL_IncTick
                0x0000000008000a0c       0x10 build/stm32l0xx_hal.o
                0x0000000008000a0c                HAL_IncTick
 .text.HAL_GPIO_Init
                0x0000000008000a1c      0x17c build/stm32l0xx_hal_gpio.o
                0x0000000008000a1c                HAL_GPIO_Init
 .text.HAL_NVIC_SetPriority
                0x0000000008000b98       0x64 build/stm32l0xx_hal_cortex.o
                0x0000000008000b98                HAL_NVIC_SetPriority
 .text.HAL_SYSTICK_Config
                0x0000000008000bfc       0x38 build/stm32l0xx_hal_cortex.o
                0x0000000008000bfc                HAL_SYSTICK_Config
 .text.HAL_SYSTICK_Callback
                0x0000000008000c34        0x2 build/stm32l0xx_hal_cortex.o
                0x0000000008000c34                HAL_SYSTICK_Callback
 .text.HAL_SYSTICK_IRQHandler
                0x0000000008000c36        0x8 build/stm32l0xx_hal_cortex.o
                0x0000000008000c36                HAL_SYSTICK_IRQHandler
 *fill*         0x0000000008000c3e        0x2 
 .text.Reset_Handler
                0x0000000008000c40       0x80 build/startup_stm32l011xx.o
                0x0000000008000c40                Reset_Handler
 .text.Default_Handler
                0x0000000008000cc0        0x2 build/startup_stm32l011xx.o
                0x0000000008000cc0                ADC1_COMP_IRQHandler
                0x0000000008000cc0                PVD_IRQHandler
                0x0000000008000cc0                I2C1_IRQHandler
                0x0000000008000cc0                SPI1_IRQHandler
                0x0000000008000cc0                EXTI2_3_IRQHandler
                0x0000000008000cc0                RTC_IRQHandler
                0x0000000008000cc0                DMA1_Channel4_5_6_7_IRQHandler
                0x0000000008000cc0                EXTI4_15_IRQHandler
                0x0000000008000cc0                RCC_IRQHandler
                0x0000000008000cc0                DMA1_Channel1_IRQHandler
                0x0000000008000cc0                Default_Handler
                0x0000000008000cc0                EXTI0_1_IRQHandler
                0x0000000008000cc0                TIM21_IRQHandler
                0x0000000008000cc0                WWDG_IRQHandler
                0x0000000008000cc0                LPUART1_IRQHandler
                0x0000000008000cc0                TIM2_IRQHandler
                0x0000000008000cc0                DMA1_Channel2_3_IRQHandler
                0x0000000008000cc0                USART2_IRQHandler
                0x0000000008000cc0                FLASH_IRQHandler
                0x0000000008000cc0                LPTIM1_IRQHandler
 *fill*         0x0000000008000cc2        0x2 
 .text.__libc_init_array
                0x0000000008000cc4       0x48 /usr/local/gcc-arm-none-eabi-6-2017-q2-update/bin/../lib/gcc/arm-none-eabi/6.3.1/../../../../arm-none-eabi/lib/thumb/v6-m/libc_nano.a(lib_a-init.o)
                0x0000000008000cc4                __libc_init_array
 *(.glue_7)
 .glue_7        0x0000000008000d0c        0x0 linker stubs
 *(.glue_7t)
 .glue_7t       0x0000000008000d0c        0x0 linker stubs
 *(.eh_frame)
 .eh_frame      0x0000000008000d0c        0x0 /usr/local/gcc-arm-none-eabi-6-2017-q2-update/bin/../lib/gcc/arm-none-eabi/6.3.1/thumb/v6-m/crtbegin.o
 *(.init)
 .init          0x0000000008000d0c        0x4 /usr/local/gcc-arm-none-eabi-6-2017-q2-update/bin/../lib/gcc/arm-none-eabi/6.3.1/thumb/v6-m/crti.o
                0x0000000008000d0c                _init
 .init          0x0000000008000d10        0x8 /usr/local/gcc-arm-none-eabi-6-2017-q2-update/bin/../lib/gcc/arm-none-eabi/6.3.1/thumb/v6-m/crtn.o
 *(.fini)
 .fini          0x0000000008000d18        0x4 /usr/local/gcc-arm-none-eabi-6-2017-q2-update/bin/../lib/gcc/arm-none-eabi/6.3.1/thumb/v6-m/crti.o
                0x0000000008000d18                _fini
 .fini          0x0000000008000d1c        0x8 /usr/local/gcc-arm-none-eabi-6-2017-q2-update/bin/../lib/gcc/arm-none-eabi/6.3.1/thumb/v6-m/crtn.o
                0x0000000008000d24                . = ALIGN (0x4)
                0x0000000008000d24                _etext = .

.vfp11_veneer   0x0000000008000d24        0x0
 .vfp11_veneer  0x0000000008000d24        0x0 linker stubs

.v4_bx          0x0000000008000d24        0x0
 .v4_bx         0x0000000008000d24        0x0 linker stubs

.iplt           0x0000000008000d24        0x0
 .iplt          0x0000000008000d24        0x0 /usr/local/gcc-arm-none-eabi-6-2017-q2-update/bin/../lib/gcc/arm-none-eabi/6.3.1/thumb/v6-m/crtbegin.o

.rodata         0x0000000008000d24       0x18
                0x0000000008000d24                . = ALIGN (0x4)
 *(.rodata)
 *(.rodata*)
 .rodata.SystemClock_Config.str1.4
                0x0000000008000d24        0xb build/main.o
 *fill*         0x0000000008000d2f        0x1 
 .rodata.MX_TIM2_Init.str1.4
                0x0000000008000d30        0xc build/tim.o
                                          0xa (size before relaxing)
                0x0000000008000d3c                . = ALIGN (0x4)

.rel.dyn        0x0000000008000d3c        0x0
 .rel.iplt      0x0000000008000d3c        0x0 /usr/local/gcc-arm-none-eabi-6-2017-q2-update/bin/../lib/gcc/arm-none-eabi/6.3.1/thumb/v6-m/crtbegin.o

.ARM.extab
 *(.ARM.extab* .gnu.linkonce.armextab.*)

.ARM            0x0000000008000d3c        0x0
                0x0000000008000d3c                __exidx_start = .
 *(.ARM.exidx*)
                0x0000000008000d3c                __exidx_end = .

.preinit_array  0x0000000008000d3c        0x0
                0x0000000008000d3c                PROVIDE (__preinit_array_start, .)
 *(.preinit_array*)
                0x0000000008000d3c                PROVIDE (__preinit_array_end, .)

.init_array     0x0000000008000d3c        0x4
                0x0000000008000d3c                PROVIDE (__init_array_start, .)
 *(SORT(.init_array.*))
 *(.init_array*)
 .init_array    0x0000000008000d3c        0x4 /usr/local/gcc-arm-none-eabi-6-2017-q2-update/bin/../lib/gcc/arm-none-eabi/6.3.1/thumb/v6-m/crtbegin.o
                0x0000000008000d40                PROVIDE (__init_array_end, .)

.fini_array     0x0000000008000d40        0x4
                [!provide]                        PROVIDE (__fini_array_start, .)
 *(SORT(.fini_array.*))
 *(.fini_array*)
 .fini_array    0x0000000008000d40        0x4 /usr/local/gcc-arm-none-eabi-6-2017-q2-update/bin/../lib/gcc/arm-none-eabi/6.3.1/thumb/v6-m/crtbegin.o
                [!provide]                        PROVIDE (__fini_array_end, .)
                0x0000000008000d44                _sidata = LOADADDR (.data)

.data           0x0000000020000000        0x4 load address 0x0000000008000d44
                0x0000000020000000                . = ALIGN (0x4)
                0x0000000020000000                _sdata = .
 *(.data)
 *(.data*)
 .data.SystemCoreClock
                0x0000000020000000        0x4 build/system_stm32l0xx.o
                0x0000000020000000                SystemCoreClock
                0x0000000020000004                . = ALIGN (0x4)
                0x0000000020000004                _edata = .

.jcr            0x0000000020000004        0x0 load address 0x0000000008000d48
 .jcr           0x0000000020000004        0x0 /usr/local/gcc-arm-none-eabi-6-2017-q2-update/bin/../lib/gcc/arm-none-eabi/6.3.1/thumb/v6-m/crtbegin.o

.igot.plt       0x0000000020000004        0x0 load address 0x0000000008000d48
 .igot.plt      0x0000000020000004        0x0 /usr/local/gcc-arm-none-eabi-6-2017-q2-update/bin/../lib/gcc/arm-none-eabi/6.3.1/thumb/v6-m/crtbegin.o
                0x0000000020000004                . = ALIGN (0x4)

.bss            0x0000000020000004       0x58 load address 0x0000000008000d48
                0x0000000020000004                _sbss = .
                0x0000000020000004                __bss_start__ = _sbss
 *(.bss)
 .bss           0x0000000020000004       0x1c /usr/local/gcc-arm-none-eabi-6-2017-q2-update/bin/../lib/gcc/arm-none-eabi/6.3.1/thumb/v6-m/crtbegin.o
 *(.bss*)
 *(COMMON)
 COMMON         0x0000000020000020       0x38 build/tim.o
                0x0000000020000020                htim2
 COMMON         0x0000000020000058        0x4 build/stm32l0xx_hal.o
                0x0000000020000058                uwTick
                0x000000002000005c                . = ALIGN (0x4)
                0x000000002000005c                _ebss = .
                0x000000002000005c                __bss_end__ = _ebss

._user_heap_stack
                0x000000002000005c      0x604 load address 0x0000000008000d48
                0x0000000020000060                . = ALIGN (0x8)
 *fill*         0x000000002000005c        0x4 
                [!provide]                        PROVIDE (end, .)
                [!provide]                        PROVIDE (_end, .)
                0x0000000020000260                . = (. + _Min_Heap_Size)
 *fill*         0x0000000020000060      0x200 
                0x0000000020000660                . = (. + _Min_Stack_Size)
 *fill*         0x0000000020000260      0x400 
                0x0000000020000660                . = ALIGN (0x8)

/DISCARD/
 libc.a(*)
 libm.a(*)
 libgcc.a(*)

.ARM.attributes
                0x0000000000000000       0x28
 *(.ARM.attributes)
 .ARM.attributes
                0x0000000000000000       0x1e /usr/local/gcc-arm-none-eabi-6-2017-q2-update/bin/../lib/gcc/arm-none-eabi/6.3.1/thumb/v6-m/crti.o
 .ARM.attributes
                0x000000000000001e       0x2c /usr/local/gcc-arm-none-eabi-6-2017-q2-update/bin/../lib/gcc/arm-none-eabi/6.3.1/thumb/v6-m/crtbegin.o
 .ARM.attributes
                0x000000000000004a       0x32 build/main.o
 .ARM.attributes
                0x000000000000007c       0x32 build/stm32l0xx_it.o
 .ARM.attributes
                0x00000000000000ae       0x32 build/system_stm32l0xx.o
 .ARM.attributes
                0x00000000000000e0       0x32 build/gpio.o
 .ARM.attributes
                0x0000000000000112       0x32 build/tim.o
 .ARM.attributes
                0x0000000000000144       0x32 build/stm32l0xx_hal_msp.o
 .ARM.attributes
                0x0000000000000176       0x32 build/stm32l0xx_hal_tim.o
 .ARM.attributes
                0x00000000000001a8       0x32 build/stm32l0xx_hal_tim_ex.o
 .ARM.attributes
                0x00000000000001da       0x32 build/stm32l0xx_ll_utils.o
 .ARM.attributes
                0x000000000000020c       0x32 build/stm32l0xx_hal.o
 .ARM.attributes
                0x000000000000023e       0x32 build/stm32l0xx_hal_gpio.o
 .ARM.attributes
                0x0000000000000270       0x32 build/stm32l0xx_hal_cortex.o
 .ARM.attributes
                0x00000000000002a2       0x22 build/startup_stm32l011xx.o
 .ARM.attributes
                0x00000000000002c4       0x2c /usr/local/gcc-arm-none-eabi-6-2017-q2-update/bin/../lib/gcc/arm-none-eabi/6.3.1/../../../../arm-none-eabi/lib/thumb/v6-m/libc_nano.a(lib_a-init.o)
 .ARM.attributes
                0x00000000000002f0       0x1e /usr/local/gcc-arm-none-eabi-6-2017-q2-update/bin/../lib/gcc/arm-none-eabi/6.3.1/thumb/v6-m/libgcc.a(_udivsi3.o)
 .ARM.attributes
                0x000000000000030e       0x1e /usr/local/gcc-arm-none-eabi-6-2017-q2-update/bin/../lib/gcc/arm-none-eabi/6.3.1/thumb/v6-m/libgcc.a(_dvmd_tls.o)
 .ARM.attributes
                0x000000000000032c       0x1e /usr/local/gcc-arm-none-eabi-6-2017-q2-update/bin/../lib/gcc/arm-none-eabi/6.3.1/thumb/v6-m/crtn.o
OUTPUT(build/pwm_01.elf elf32-littlearm)

.debug_info     0x0000000000000000     0xed46
 .debug_info    0x0000000000000000     0x17b9 build/main.o
 .debug_info    0x00000000000017b9      0xae7 build/stm32l0xx_it.o
 .debug_info    0x00000000000022a0      0xd05 build/system_stm32l0xx.o
 .debug_info    0x0000000000002fa5      0xc08 build/gpio.o
 .debug_info    0x0000000000003bad     0x1521 build/tim.o
 .debug_info    0x00000000000050ce      0xcbb build/stm32l0xx_hal_msp.o
 .debug_info    0x0000000000005d89     0x3867 build/stm32l0xx_hal_tim.o
 .debug_info    0x00000000000095f0      0xfc8 build/stm32l0xx_hal_tim_ex.o
 .debug_info    0x000000000000a5b8     0x13e9 build/stm32l0xx_ll_utils.o
 .debug_info    0x000000000000b9a1     0x1175 build/stm32l0xx_hal.o
 .debug_info    0x000000000000cb16     0x1076 build/stm32l0xx_hal_gpio.o
 .debug_info    0x000000000000db8c     0x114d build/stm32l0xx_hal_cortex.o
 .debug_info    0x000000000000ecd9       0x6d build/startup_stm32l011xx.o

.debug_abbrev   0x0000000000000000     0x1f30
 .debug_abbrev  0x0000000000000000      0x31d build/main.o
 .debug_abbrev  0x000000000000031d      0x1d1 build/stm32l0xx_it.o
 .debug_abbrev  0x00000000000004ee      0x1f5 build/system_stm32l0xx.o
 .debug_abbrev  0x00000000000006e3      0x205 build/gpio.o
 .debug_abbrev  0x00000000000008e8      0x28d build/tim.o
 .debug_abbrev  0x0000000000000b75      0x209 build/stm32l0xx_hal_msp.o
 .debug_abbrev  0x0000000000000d7e      0x31b build/stm32l0xx_hal_tim.o
 .debug_abbrev  0x0000000000001099      0x224 build/stm32l0xx_hal_tim_ex.o
 .debug_abbrev  0x00000000000012bd      0x385 build/stm32l0xx_ll_utils.o
 .debug_abbrev  0x0000000000001642      0x2ee build/stm32l0xx_hal.o
 .debug_abbrev  0x0000000000001930      0x2b3 build/stm32l0xx_hal_gpio.o
 .debug_abbrev  0x0000000000001be3      0x33b build/stm32l0xx_hal_cortex.o
 .debug_abbrev  0x0000000000001f1e       0x12 build/startup_stm32l011xx.o

.debug_loc      0x0000000000000000     0x5295
 .debug_loc     0x0000000000000000      0x121 build/main.o
 .debug_loc     0x0000000000000121       0x20 build/stm32l0xx_it.o
 .debug_loc     0x0000000000000141      0x1ef build/system_stm32l0xx.o
 .debug_loc     0x0000000000000330       0x34 build/gpio.o
 .debug_loc     0x0000000000000364       0xb2 build/tim.o
 .debug_loc     0x0000000000000416       0x20 build/stm32l0xx_hal_msp.o
 .debug_loc     0x0000000000000436     0x3e09 build/stm32l0xx_hal_tim.o
 .debug_loc     0x000000000000423f       0xc0 build/stm32l0xx_hal_tim_ex.o
 .debug_loc     0x00000000000042ff      0x74e build/stm32l0xx_ll_utils.o
 .debug_loc     0x0000000000004a4d      0x138 build/stm32l0xx_hal.o
 .debug_loc     0x0000000000004b85      0x33d build/stm32l0xx_hal_gpio.o
 .debug_loc     0x0000000000004ec2      0x3d3 build/stm32l0xx_hal_cortex.o

.debug_aranges  0x0000000000000000      0x6e0
 .debug_aranges
                0x0000000000000000       0x30 build/main.o
 .debug_aranges
                0x0000000000000030       0x40 build/stm32l0xx_it.o
 .debug_aranges
                0x0000000000000070       0x28 build/system_stm32l0xx.o
 .debug_aranges
                0x0000000000000098       0x20 build/gpio.o
 .debug_aranges
                0x00000000000000b8       0x40 build/tim.o
 .debug_aranges
                0x00000000000000f8       0x20 build/stm32l0xx_hal_msp.o
 .debug_aranges
                0x0000000000000118      0x368 build/stm32l0xx_hal_tim.o
 .debug_aranges
                0x0000000000000480       0x28 build/stm32l0xx_hal_tim_ex.o
 .debug_aranges
                0x00000000000004a8       0x60 build/stm32l0xx_ll_utils.o
 .debug_aranges
                0x0000000000000508       0xe0 build/stm32l0xx_hal.o
 .debug_aranges
                0x00000000000005e8       0x58 build/stm32l0xx_hal_gpio.o
 .debug_aranges
                0x0000000000000640       0x78 build/stm32l0xx_hal_cortex.o
 .debug_aranges
                0x00000000000006b8       0x28 build/startup_stm32l011xx.o

.debug_ranges   0x0000000000000000      0x660
 .debug_ranges  0x0000000000000000       0x20 build/main.o
 .debug_ranges  0x0000000000000020       0x30 build/stm32l0xx_it.o
 .debug_ranges  0x0000000000000050       0x18 build/system_stm32l0xx.o
 .debug_ranges  0x0000000000000068       0x10 build/gpio.o
 .debug_ranges  0x0000000000000078       0x30 build/tim.o
 .debug_ranges  0x00000000000000a8       0x10 build/stm32l0xx_hal_msp.o
 .debug_ranges  0x00000000000000b8      0x358 build/stm32l0xx_hal_tim.o
 .debug_ranges  0x0000000000000410       0x18 build/stm32l0xx_hal_tim_ex.o
 .debug_ranges  0x0000000000000428       0x50 build/stm32l0xx_ll_utils.o
 .debug_ranges  0x0000000000000478       0xd0 build/stm32l0xx_hal.o
 .debug_ranges  0x0000000000000548       0x48 build/stm32l0xx_hal_gpio.o
 .debug_ranges  0x0000000000000590       0xb0 build/stm32l0xx_hal_cortex.o
 .debug_ranges  0x0000000000000640       0x20 build/startup_stm32l011xx.o

.debug_line     0x0000000000000000     0x33e7
 .debug_line    0x0000000000000000      0x39a build/main.o
 .debug_line    0x000000000000039a      0x260 build/stm32l0xx_it.o
 .debug_line    0x00000000000005fa      0x265 build/system_stm32l0xx.o
 .debug_line    0x000000000000085f      0x21a build/gpio.o
 .debug_line    0x0000000000000a79      0x2ef build/tim.o
 .debug_line    0x0000000000000d68      0x223 build/stm32l0xx_hal_msp.o
 .debug_line    0x0000000000000f8b     0x10e9 build/stm32l0xx_hal_tim.o
 .debug_line    0x0000000000002074      0x2e0 build/stm32l0xx_hal_tim_ex.o
 .debug_line    0x0000000000002354      0x485 build/stm32l0xx_ll_utils.o
 .debug_line    0x00000000000027d9      0x438 build/stm32l0xx_hal.o
 .debug_line    0x0000000000002c11      0x397 build/stm32l0xx_hal_gpio.o
 .debug_line    0x0000000000002fa8      0x3b3 build/stm32l0xx_hal_cortex.o
 .debug_line    0x000000000000335b       0x8c build/startup_stm32l011xx.o

.debug_str      0x0000000000000000     0x2581
 .debug_str     0x0000000000000000      0xd40 build/main.o
                                        0xe43 (size before relaxing)
 .debug_str     0x0000000000000d40       0x7f build/stm32l0xx_it.o
                                        0x637 (size before relaxing)
 .debug_str     0x0000000000000dbf       0x59 build/system_stm32l0xx.o
                                        0x6d8 (size before relaxing)
 .debug_str     0x0000000000000e18       0x32 build/gpio.o
                                        0x68f (size before relaxing)
 .debug_str     0x0000000000000e4a      0x276 build/tim.o
                                        0xcb1 (size before relaxing)
 .debug_str     0x00000000000010c0       0x39 build/stm32l0xx_hal_msp.o
                                        0x7c4 (size before relaxing)
 .debug_str     0x00000000000010f9      0xc04 build/stm32l0xx_hal_tim.o
                                       0x1705 (size before relaxing)
 .debug_str     0x0000000000001cfd       0x54 build/stm32l0xx_hal_tim_ex.o
                                        0xa60 (size before relaxing)
 .debug_str     0x0000000000001d51      0x2d6 build/stm32l0xx_ll_utils.o
                                        0xa82 (size before relaxing)
 .debug_str     0x0000000000002027      0x2d3 build/stm32l0xx_hal.o
                                        0xb2a (size before relaxing)
 .debug_str     0x00000000000022fa      0x135 build/stm32l0xx_hal_gpio.o
                                        0x886 (size before relaxing)
 .debug_str     0x000000000000242f      0x152 build/stm32l0xx_hal_cortex.o
                                        0x9d6 (size before relaxing)

.comment        0x0000000000000000       0x7f
 .comment       0x0000000000000000       0x7f build/main.o
                                         0x80 (size before relaxing)
 .comment       0x000000000000007f       0x80 build/stm32l0xx_it.o
 .comment       0x000000000000007f       0x80 build/system_stm32l0xx.o
 .comment       0x000000000000007f       0x80 build/gpio.o
 .comment       0x000000000000007f       0x80 build/tim.o
 .comment       0x000000000000007f       0x80 build/stm32l0xx_hal_msp.o
 .comment       0x000000000000007f       0x80 build/stm32l0xx_hal_tim.o
 .comment       0x000000000000007f       0x80 build/stm32l0xx_hal_tim_ex.o
 .comment       0x000000000000007f       0x80 build/stm32l0xx_ll_utils.o
 .comment       0x000000000000007f       0x80 build/stm32l0xx_hal.o
 .comment       0x000000000000007f       0x80 build/stm32l0xx_hal_gpio.o
 .comment       0x000000000000007f       0x80 build/stm32l0xx_hal_cortex.o

.debug_frame    0x0000000000000000     0x1190
 .debug_frame   0x0000000000000000       0x58 build/main.o
 .debug_frame   0x0000000000000058       0x6c build/stm32l0xx_it.o
 .debug_frame   0x00000000000000c4       0x3c build/system_stm32l0xx.o
 .debug_frame   0x0000000000000100       0x24 build/gpio.o
 .debug_frame   0x0000000000000124       0x84 build/tim.o
 .debug_frame   0x00000000000001a8       0x2c build/stm32l0xx_hal_msp.o
 .debug_frame   0x00000000000001d4      0xaa4 build/stm32l0xx_hal_tim.o
 .debug_frame   0x0000000000000c78       0x44 build/stm32l0xx_hal_tim_ex.o
 .debug_frame   0x0000000000000cbc       0xf4 build/stm32l0xx_ll_utils.o
 .debug_frame   0x0000000000000db0      0x1d0 build/stm32l0xx_hal.o
 .debug_frame   0x0000000000000f80       0xd8 build/stm32l0xx_hal_gpio.o
 .debug_frame   0x0000000000001058       0xec build/stm32l0xx_hal_cortex.o
 .debug_frame   0x0000000000001144       0x2c /usr/local/gcc-arm-none-eabi-6-2017-q2-update/bin/../lib/gcc/arm-none-eabi/6.3.1/../../../../arm-none-eabi/lib/thumb/v6-m/libc_nano.a(lib_a-init.o)
 .debug_frame   0x0000000000001170       0x20 /usr/local/gcc-arm-none-eabi-6-2017-q2-update/bin/../lib/gcc/arm-none-eabi/6.3.1/thumb/v6-m/libgcc.a(_udivsi3.o)

Cross Reference Table

Symbol                                            File
ADC1_COMP_IRQHandler                              build/startup_stm32l011xx.o
AHBPrescTable                                     build/system_stm32l0xx.o
                                                  build/stm32l0xx_hal_rcc.o
                                                  build/stm32l0xx_ll_utils.o
                                                  build/stm32l0xx_ll_rcc.o
APBPrescTable                                     build/system_stm32l0xx.o
                                                  build/stm32l0xx_hal_rcc.o
                                                  build/stm32l0xx_ll_rcc.o
DMA1_Channel1_IRQHandler                          build/startup_stm32l011xx.o
DMA1_Channel2_3_IRQHandler                        build/startup_stm32l011xx.o
DMA1_Channel4_5_6_7_IRQHandler                    build/startup_stm32l011xx.o
Default_Handler                                   build/startup_stm32l011xx.o
EXTI0_1_IRQHandler                                build/startup_stm32l011xx.o
EXTI2_3_IRQHandler                                build/startup_stm32l011xx.o
EXTI4_15_IRQHandler                               build/startup_stm32l011xx.o
FLASH_IRQHandler                                  build/startup_stm32l011xx.o
FLASH_PageErase                                   build/stm32l0xx_hal_flash_ex.o
                                                  build/stm32l0xx_hal_flash.o
FLASH_WaitForLastOperation                        build/stm32l0xx_hal_flash.o
                                                  build/stm32l0xx_hal_flash_ex.o
HAL_DBGMCU_DBG_DisableLowPowerConfig              build/stm32l0xx_hal.o
HAL_DBGMCU_DBG_EnableLowPowerConfig               build/stm32l0xx_hal.o
HAL_DBGMCU_DisableDBGSleepMode                    build/stm32l0xx_hal.o
HAL_DBGMCU_DisableDBGStandbyMode                  build/stm32l0xx_hal.o
HAL_DBGMCU_DisableDBGStopMode                     build/stm32l0xx_hal.o
HAL_DBGMCU_EnableDBGSleepMode                     build/stm32l0xx_hal.o
HAL_DBGMCU_EnableDBGStandbyMode                   build/stm32l0xx_hal.o
HAL_DBGMCU_EnableDBGStopMode                      build/stm32l0xx_hal.o
HAL_DMA_Abort                                     build/stm32l0xx_hal_dma.o
                                                  build/stm32l0xx_hal_tim.o
HAL_DMA_Abort_IT                                  build/stm32l0xx_hal_dma.o
                                                  build/stm32l0xx_hal_i2c.o
HAL_DMA_DeInit                                    build/stm32l0xx_hal_dma.o
HAL_DMA_GetError                                  build/stm32l0xx_hal_dma.o
HAL_DMA_GetState                                  build/stm32l0xx_hal_dma.o
HAL_DMA_IRQHandler                                build/stm32l0xx_hal_dma.o
HAL_DMA_Init                                      build/stm32l0xx_hal_dma.o
HAL_DMA_PollForTransfer                           build/stm32l0xx_hal_dma.o
HAL_DMA_Start                                     build/stm32l0xx_hal_dma.o
HAL_DMA_Start_IT                                  build/stm32l0xx_hal_dma.o
                                                  build/stm32l0xx_hal_i2c.o
                                                  build/stm32l0xx_hal_tim.o
HAL_DeInit                                        build/stm32l0xx_hal.o
HAL_Delay                                         build/stm32l0xx_hal.o
HAL_FLASHEx_AdvOBGetConfig                        build/stm32l0xx_hal_flash_ex.o
HAL_FLASHEx_AdvOBProgram                          build/stm32l0xx_hal_flash_ex.o
HAL_FLASHEx_DATAEEPROM_DisableFixedTimeProgram    build/stm32l0xx_hal_flash_ex.o
HAL_FLASHEx_DATAEEPROM_EnableFixedTimeProgram     build/stm32l0xx_hal_flash_ex.o
HAL_FLASHEx_DATAEEPROM_Erase                      build/stm32l0xx_hal_flash_ex.o
HAL_FLASHEx_DATAEEPROM_Lock                       build/stm32l0xx_hal_flash_ex.o
HAL_FLASHEx_DATAEEPROM_Program                    build/stm32l0xx_hal_flash_ex.o
HAL_FLASHEx_DATAEEPROM_Unlock                     build/stm32l0xx_hal_flash_ex.o
HAL_FLASHEx_DisableRunPowerDown                   build/stm32l0xx_hal_flash_ramfunc.o
HAL_FLASHEx_EnableRunPowerDown                    build/stm32l0xx_hal_flash_ramfunc.o
HAL_FLASHEx_Erase                                 build/stm32l0xx_hal_flash_ex.o
HAL_FLASHEx_Erase_IT                              build/stm32l0xx_hal_flash_ex.o
HAL_FLASHEx_GetError                              build/stm32l0xx_hal_flash_ramfunc.o
HAL_FLASHEx_HalfPageProgram                       build/stm32l0xx_hal_flash_ramfunc.o
HAL_FLASHEx_OBGetConfig                           build/stm32l0xx_hal_flash_ex.o
HAL_FLASHEx_OBProgram                             build/stm32l0xx_hal_flash_ex.o
HAL_FLASHEx_OB_DeSelectPCROP                      build/stm32l0xx_hal_flash_ex.o
HAL_FLASHEx_OB_SelectPCROP                        build/stm32l0xx_hal_flash_ex.o
HAL_FLASH_EndOfOperationCallback                  build/stm32l0xx_hal_flash.o
HAL_FLASH_GetError                                build/stm32l0xx_hal_flash.o
HAL_FLASH_IRQHandler                              build/stm32l0xx_hal_flash.o
HAL_FLASH_Lock                                    build/stm32l0xx_hal_flash.o
HAL_FLASH_OB_Launch                               build/stm32l0xx_hal_flash.o
HAL_FLASH_OB_Lock                                 build/stm32l0xx_hal_flash.o
HAL_FLASH_OB_Unlock                               build/stm32l0xx_hal_flash.o
HAL_FLASH_OperationErrorCallback                  build/stm32l0xx_hal_flash.o
HAL_FLASH_Program                                 build/stm32l0xx_hal_flash.o
HAL_FLASH_Program_IT                              build/stm32l0xx_hal_flash.o
HAL_FLASH_Unlock                                  build/stm32l0xx_hal_flash.o
HAL_GPIO_DeInit                                   build/stm32l0xx_hal_gpio.o
HAL_GPIO_EXTI_Callback                            build/stm32l0xx_hal_gpio.o
HAL_GPIO_EXTI_IRQHandler                          build/stm32l0xx_hal_gpio.o
HAL_GPIO_Init                                     build/stm32l0xx_hal_gpio.o
                                                  build/stm32l0xx_hal_rcc.o
                                                  build/tim.o
HAL_GPIO_LockPin                                  build/stm32l0xx_hal_gpio.o
HAL_GPIO_ReadPin                                  build/stm32l0xx_hal_gpio.o
HAL_GPIO_TogglePin                                build/stm32l0xx_hal_gpio.o
HAL_GPIO_WritePin                                 build/stm32l0xx_hal_gpio.o
HAL_GetDEVID                                      build/stm32l0xx_hal.o
HAL_GetHalVersion                                 build/stm32l0xx_hal.o
HAL_GetREVID                                      build/stm32l0xx_hal.o
HAL_GetTick                                       build/stm32l0xx_hal.o
                                                  build/stm32l0xx_hal_dma.o
                                                  build/stm32l0xx_hal_flash.o
                                                  build/stm32l0xx_hal_rcc_ex.o
                                                  build/stm32l0xx_hal_rcc.o
                                                  build/stm32l0xx_hal_i2c.o
HAL_I2CEx_ConfigAnalogFilter                      build/stm32l0xx_hal_i2c_ex.o
HAL_I2CEx_ConfigDigitalFilter                     build/stm32l0xx_hal_i2c_ex.o
HAL_I2CEx_DisableFastModePlus                     build/stm32l0xx_hal_i2c_ex.o
HAL_I2CEx_DisableWakeUp                           build/stm32l0xx_hal_i2c_ex.o
HAL_I2CEx_EnableFastModePlus                      build/stm32l0xx_hal_i2c_ex.o
HAL_I2CEx_EnableWakeUp                            build/stm32l0xx_hal_i2c_ex.o
HAL_I2C_AbortCpltCallback                         build/stm32l0xx_hal_i2c.o
HAL_I2C_AddrCallback                              build/stm32l0xx_hal_i2c.o
HAL_I2C_DeInit                                    build/stm32l0xx_hal_i2c.o
HAL_I2C_DisableListen_IT                          build/stm32l0xx_hal_i2c.o
HAL_I2C_ER_IRQHandler                             build/stm32l0xx_hal_i2c.o
HAL_I2C_EV_IRQHandler                             build/stm32l0xx_hal_i2c.o
HAL_I2C_EnableListen_IT                           build/stm32l0xx_hal_i2c.o
HAL_I2C_ErrorCallback                             build/stm32l0xx_hal_i2c.o
HAL_I2C_GetError                                  build/stm32l0xx_hal_i2c.o
HAL_I2C_GetMode                                   build/stm32l0xx_hal_i2c.o
HAL_I2C_GetState                                  build/stm32l0xx_hal_i2c.o
HAL_I2C_Init                                      build/stm32l0xx_hal_i2c.o
HAL_I2C_IsDeviceReady                             build/stm32l0xx_hal_i2c.o
HAL_I2C_ListenCpltCallback                        build/stm32l0xx_hal_i2c.o
HAL_I2C_MasterRxCpltCallback                      build/stm32l0xx_hal_i2c.o
HAL_I2C_MasterTxCpltCallback                      build/stm32l0xx_hal_i2c.o
HAL_I2C_Master_Abort_IT                           build/stm32l0xx_hal_i2c.o
HAL_I2C_Master_Receive                            build/stm32l0xx_hal_i2c.o
HAL_I2C_Master_Receive_DMA                        build/stm32l0xx_hal_i2c.o
HAL_I2C_Master_Receive_IT                         build/stm32l0xx_hal_i2c.o
HAL_I2C_Master_Sequential_Receive_IT              build/stm32l0xx_hal_i2c.o
HAL_I2C_Master_Sequential_Transmit_IT             build/stm32l0xx_hal_i2c.o
HAL_I2C_Master_Transmit                           build/stm32l0xx_hal_i2c.o
HAL_I2C_Master_Transmit_DMA                       build/stm32l0xx_hal_i2c.o
HAL_I2C_Master_Transmit_IT                        build/stm32l0xx_hal_i2c.o
HAL_I2C_MemRxCpltCallback                         build/stm32l0xx_hal_i2c.o
HAL_I2C_MemTxCpltCallback                         build/stm32l0xx_hal_i2c.o
HAL_I2C_Mem_Read                                  build/stm32l0xx_hal_i2c.o
HAL_I2C_Mem_Read_DMA                              build/stm32l0xx_hal_i2c.o
HAL_I2C_Mem_Read_IT                               build/stm32l0xx_hal_i2c.o
HAL_I2C_Mem_Write                                 build/stm32l0xx_hal_i2c.o
HAL_I2C_Mem_Write_DMA                             build/stm32l0xx_hal_i2c.o
HAL_I2C_Mem_Write_IT                              build/stm32l0xx_hal_i2c.o
HAL_I2C_MspDeInit                                 build/stm32l0xx_hal_i2c.o
HAL_I2C_MspInit                                   build/stm32l0xx_hal_i2c.o
HAL_I2C_SlaveRxCpltCallback                       build/stm32l0xx_hal_i2c.o
HAL_I2C_SlaveTxCpltCallback                       build/stm32l0xx_hal_i2c.o
HAL_I2C_Slave_Receive                             build/stm32l0xx_hal_i2c.o
HAL_I2C_Slave_Receive_DMA                         build/stm32l0xx_hal_i2c.o
HAL_I2C_Slave_Receive_IT                          build/stm32l0xx_hal_i2c.o
HAL_I2C_Slave_Sequential_Receive_IT               build/stm32l0xx_hal_i2c.o
HAL_I2C_Slave_Sequential_Transmit_IT              build/stm32l0xx_hal_i2c.o
HAL_I2C_Slave_Transmit                            build/stm32l0xx_hal_i2c.o
HAL_I2C_Slave_Transmit_DMA                        build/stm32l0xx_hal_i2c.o
HAL_I2C_Slave_Transmit_IT                         build/stm32l0xx_hal_i2c.o
HAL_IncTick                                       build/stm32l0xx_hal.o
                                                  build/stm32l0xx_it.o
HAL_Init                                          build/stm32l0xx_hal.o
                                                  build/main.o
HAL_InitTick                                      build/stm32l0xx_hal.o
                                                  build/stm32l0xx_hal_rcc.o
HAL_MspDeInit                                     build/stm32l0xx_hal.o
HAL_MspInit                                       build/stm32l0xx_hal_msp.o
HAL_NVIC_ClearPendingIRQ                          build/stm32l0xx_hal_cortex.o
HAL_NVIC_DisableIRQ                               build/stm32l0xx_hal_cortex.o
HAL_NVIC_EnableIRQ                                build/stm32l0xx_hal_cortex.o
HAL_NVIC_GetPendingIRQ                            build/stm32l0xx_hal_cortex.o
HAL_NVIC_GetPriority                              build/stm32l0xx_hal_cortex.o
HAL_NVIC_SetPendingIRQ                            build/stm32l0xx_hal_cortex.o
HAL_NVIC_SetPriority                              build/stm32l0xx_hal_cortex.o
                                                  build/stm32l0xx_hal.o
                                                  build/stm32l0xx_hal_msp.o
HAL_NVIC_SystemReset                              build/stm32l0xx_hal_cortex.o
HAL_PWREx_DisableFastWakeUp                       build/stm32l0xx_hal_pwr_ex.o
HAL_PWREx_DisableLowPowerRunMode                  build/stm32l0xx_hal_pwr_ex.o
HAL_PWREx_DisableUltraLowPower                    build/stm32l0xx_hal_pwr_ex.o
HAL_PWREx_EnableFastWakeUp                        build/stm32l0xx_hal_pwr_ex.o
HAL_PWREx_EnableLowPowerRunMode                   build/stm32l0xx_hal_pwr_ex.o
HAL_PWREx_EnableUltraLowPower                     build/stm32l0xx_hal_pwr_ex.o
HAL_PWREx_GetVoltageRange                         build/stm32l0xx_hal_pwr_ex.o
HAL_PWR_ConfigPVD                                 build/stm32l0xx_hal_pwr.o
HAL_PWR_DeInit                                    build/stm32l0xx_hal_pwr.o
HAL_PWR_DisableBkUpAccess                         build/stm32l0xx_hal_pwr.o
HAL_PWR_DisablePVD                                build/stm32l0xx_hal_pwr.o
HAL_PWR_DisableSEVOnPend                          build/stm32l0xx_hal_pwr.o
HAL_PWR_DisableSleepOnExit                        build/stm32l0xx_hal_pwr.o
HAL_PWR_DisableWakeUpPin                          build/stm32l0xx_hal_pwr.o
HAL_PWR_EnableBkUpAccess                          build/stm32l0xx_hal_pwr.o
HAL_PWR_EnablePVD                                 build/stm32l0xx_hal_pwr.o
HAL_PWR_EnableSEVOnPend                           build/stm32l0xx_hal_pwr.o
HAL_PWR_EnableSleepOnExit                         build/stm32l0xx_hal_pwr.o
HAL_PWR_EnableWakeUpPin                           build/stm32l0xx_hal_pwr.o
HAL_PWR_EnterSLEEPMode                            build/stm32l0xx_hal_pwr.o
HAL_PWR_EnterSTANDBYMode                          build/stm32l0xx_hal_pwr.o
HAL_PWR_EnterSTOPMode                             build/stm32l0xx_hal_pwr.o
HAL_PWR_PVDCallback                               build/stm32l0xx_hal_pwr.o
HAL_PWR_PVD_IRQHandler                            build/stm32l0xx_hal_pwr.o
HAL_RCCEx_DisableLSECSS                           build/stm32l0xx_hal_rcc_ex.o
HAL_RCCEx_EnableLSECSS                            build/stm32l0xx_hal_rcc_ex.o
HAL_RCCEx_EnableLSECSS_IT                         build/stm32l0xx_hal_rcc_ex.o
HAL_RCCEx_GetPeriphCLKConfig                      build/stm32l0xx_hal_rcc_ex.o
HAL_RCCEx_GetPeriphCLKFreq                        build/stm32l0xx_hal_rcc_ex.o
HAL_RCCEx_LSECSS_Callback                         build/stm32l0xx_hal_rcc_ex.o
HAL_RCCEx_LSECSS_IRQHandler                       build/stm32l0xx_hal_rcc_ex.o
HAL_RCCEx_PeriphCLKConfig                         build/stm32l0xx_hal_rcc_ex.o
HAL_RCC_ClockConfig                               build/stm32l0xx_hal_rcc.o
HAL_RCC_DeInit                                    build/stm32l0xx_hal_rcc.o
HAL_RCC_GetClockConfig                            build/stm32l0xx_hal_rcc.o
HAL_RCC_GetHCLKFreq                               build/stm32l0xx_hal_rcc.o
HAL_RCC_GetOscConfig                              build/stm32l0xx_hal_rcc.o
HAL_RCC_GetPCLK1Freq                              build/stm32l0xx_hal_rcc.o
                                                  build/stm32l0xx_hal_rcc_ex.o
HAL_RCC_GetPCLK2Freq                              build/stm32l0xx_hal_rcc.o
HAL_RCC_GetSysClockFreq                           build/stm32l0xx_hal_rcc.o
                                                  build/stm32l0xx_hal_rcc_ex.o
HAL_RCC_MCOConfig                                 build/stm32l0xx_hal_rcc.o
HAL_RCC_OscConfig                                 build/stm32l0xx_hal_rcc.o
HAL_ResumeTick                                    build/stm32l0xx_hal.o
HAL_SYSCFG_Disable_Lock_VREFINT                   build/stm32l0xx_hal.o
HAL_SYSCFG_Enable_Lock_VREFINT                    build/stm32l0xx_hal.o
HAL_SYSCFG_GetBootMode                            build/stm32l0xx_hal.o
HAL_SYSCFG_VREFINT_OutputSelect                   build/stm32l0xx_hal.o
HAL_SYSTICK_CLKSourceConfig                       build/stm32l0xx_hal_cortex.o
HAL_SYSTICK_Callback                              build/stm32l0xx_hal_cortex.o
HAL_SYSTICK_Config                                build/stm32l0xx_hal_cortex.o
                                                  build/stm32l0xx_hal.o
HAL_SYSTICK_IRQHandler                            build/stm32l0xx_hal_cortex.o
                                                  build/stm32l0xx_it.o
HAL_SuspendTick                                   build/stm32l0xx_hal.o
HAL_TIMEx_MasterConfigSynchronization             build/stm32l0xx_hal_tim_ex.o
                                                  build/tim.o
HAL_TIMEx_RemapConfig                             build/stm32l0xx_hal_tim_ex.o
HAL_TIM_Base_DeInit                               build/stm32l0xx_hal_tim.o
HAL_TIM_Base_GetState                             build/stm32l0xx_hal_tim.o
HAL_TIM_Base_Init                                 build/stm32l0xx_hal_tim.o
                                                  build/tim.o
HAL_TIM_Base_MspDeInit                            build/tim.o
HAL_TIM_Base_MspInit                              build/tim.o
HAL_TIM_Base_Start                                build/stm32l0xx_hal_tim.o
HAL_TIM_Base_Start_DMA                            build/stm32l0xx_hal_tim.o
HAL_TIM_Base_Start_IT                             build/stm32l0xx_hal_tim.o
HAL_TIM_Base_Stop                                 build/stm32l0xx_hal_tim.o
HAL_TIM_Base_Stop_DMA                             build/stm32l0xx_hal_tim.o
HAL_TIM_Base_Stop_IT                              build/stm32l0xx_hal_tim.o
HAL_TIM_ConfigClockSource                         build/stm32l0xx_hal_tim.o
                                                  build/tim.o
HAL_TIM_ConfigOCrefClear                          build/stm32l0xx_hal_tim.o
HAL_TIM_ConfigTI1Input                            build/stm32l0xx_hal_tim.o
HAL_TIM_DMABurst_ReadStart                        build/stm32l0xx_hal_tim.o
HAL_TIM_DMABurst_ReadStop                         build/stm32l0xx_hal_tim.o
HAL_TIM_DMABurst_WriteStart                       build/stm32l0xx_hal_tim.o
HAL_TIM_DMABurst_WriteStop                        build/stm32l0xx_hal_tim.o
HAL_TIM_Encoder_DeInit                            build/stm32l0xx_hal_tim.o
HAL_TIM_Encoder_GetState                          build/stm32l0xx_hal_tim.o
HAL_TIM_Encoder_Init                              build/stm32l0xx_hal_tim.o
HAL_TIM_Encoder_MspDeInit                         build/stm32l0xx_hal_tim.o
HAL_TIM_Encoder_MspInit                           build/stm32l0xx_hal_tim.o
HAL_TIM_Encoder_Start                             build/stm32l0xx_hal_tim.o
HAL_TIM_Encoder_Start_DMA                         build/stm32l0xx_hal_tim.o
HAL_TIM_Encoder_Start_IT                          build/stm32l0xx_hal_tim.o
HAL_TIM_Encoder_Stop                              build/stm32l0xx_hal_tim.o
HAL_TIM_Encoder_Stop_DMA                          build/stm32l0xx_hal_tim.o
HAL_TIM_Encoder_Stop_IT                           build/stm32l0xx_hal_tim.o
HAL_TIM_ErrorCallback                             build/stm32l0xx_hal_tim.o
HAL_TIM_GenerateEvent                             build/stm32l0xx_hal_tim.o
HAL_TIM_IC_CaptureCallback                        build/stm32l0xx_hal_tim.o
HAL_TIM_IC_ConfigChannel                          build/stm32l0xx_hal_tim.o
HAL_TIM_IC_DeInit                                 build/stm32l0xx_hal_tim.o
HAL_TIM_IC_GetState                               build/stm32l0xx_hal_tim.o
HAL_TIM_IC_Init                                   build/stm32l0xx_hal_tim.o
HAL_TIM_IC_MspDeInit                              build/stm32l0xx_hal_tim.o
HAL_TIM_IC_MspInit                                build/stm32l0xx_hal_tim.o
HAL_TIM_IC_Start                                  build/stm32l0xx_hal_tim.o
HAL_TIM_IC_Start_DMA                              build/stm32l0xx_hal_tim.o
HAL_TIM_IC_Start_IT                               build/stm32l0xx_hal_tim.o
HAL_TIM_IC_Stop                                   build/stm32l0xx_hal_tim.o
HAL_TIM_IC_Stop_DMA                               build/stm32l0xx_hal_tim.o
HAL_TIM_IC_Stop_IT                                build/stm32l0xx_hal_tim.o
HAL_TIM_IRQHandler                                build/stm32l0xx_hal_tim.o
HAL_TIM_MspPostInit                               build/tim.o
HAL_TIM_OC_ConfigChannel                          build/stm32l0xx_hal_tim.o
HAL_TIM_OC_DeInit                                 build/stm32l0xx_hal_tim.o
HAL_TIM_OC_DelayElapsedCallback                   build/stm32l0xx_hal_tim.o
HAL_TIM_OC_GetState                               build/stm32l0xx_hal_tim.o
HAL_TIM_OC_Init                                   build/stm32l0xx_hal_tim.o
HAL_TIM_OC_MspDeInit                              build/stm32l0xx_hal_tim.o
HAL_TIM_OC_MspInit                                build/stm32l0xx_hal_tim.o
HAL_TIM_OC_Start                                  build/stm32l0xx_hal_tim.o
HAL_TIM_OC_Start_DMA                              build/stm32l0xx_hal_tim.o
HAL_TIM_OC_Start_IT                               build/stm32l0xx_hal_tim.o
HAL_TIM_OC_Stop                                   build/stm32l0xx_hal_tim.o
HAL_TIM_OC_Stop_DMA                               build/stm32l0xx_hal_tim.o
HAL_TIM_OC_Stop_IT                                build/stm32l0xx_hal_tim.o
HAL_TIM_OnePulse_ConfigChannel                    build/stm32l0xx_hal_tim.o
HAL_TIM_OnePulse_DeInit                           build/stm32l0xx_hal_tim.o
HAL_TIM_OnePulse_GetState                         build/stm32l0xx_hal_tim.o
HAL_TIM_OnePulse_Init                             build/stm32l0xx_hal_tim.o
HAL_TIM_OnePulse_MspDeInit                        build/stm32l0xx_hal_tim.o
HAL_TIM_OnePulse_MspInit                          build/stm32l0xx_hal_tim.o
HAL_TIM_OnePulse_Start                            build/stm32l0xx_hal_tim.o
HAL_TIM_OnePulse_Start_IT                         build/stm32l0xx_hal_tim.o
HAL_TIM_OnePulse_Stop                             build/stm32l0xx_hal_tim.o
HAL_TIM_OnePulse_Stop_IT                          build/stm32l0xx_hal_tim.o
HAL_TIM_PWM_ConfigChannel                         build/stm32l0xx_hal_tim.o
                                                  build/tim.o
HAL_TIM_PWM_DeInit                                build/stm32l0xx_hal_tim.o
HAL_TIM_PWM_GetState                              build/stm32l0xx_hal_tim.o
HAL_TIM_PWM_Init                                  build/stm32l0xx_hal_tim.o
                                                  build/tim.o
HAL_TIM_PWM_MspDeInit                             build/stm32l0xx_hal_tim.o
HAL_TIM_PWM_MspInit                               build/stm32l0xx_hal_tim.o
HAL_TIM_PWM_PulseFinishedCallback                 build/stm32l0xx_hal_tim.o
HAL_TIM_PWM_Start                                 build/stm32l0xx_hal_tim.o
                                                  build/tim.o
HAL_TIM_PWM_Start_DMA                             build/stm32l0xx_hal_tim.o
HAL_TIM_PWM_Start_IT                              build/stm32l0xx_hal_tim.o
HAL_TIM_PWM_Stop                                  build/stm32l0xx_hal_tim.o
HAL_TIM_PWM_Stop_DMA                              build/stm32l0xx_hal_tim.o
HAL_TIM_PWM_Stop_IT                               build/stm32l0xx_hal_tim.o
HAL_TIM_PeriodElapsedCallback                     build/stm32l0xx_hal_tim.o
HAL_TIM_ReadCapturedValue                         build/stm32l0xx_hal_tim.o
HAL_TIM_SlaveConfigSynchronization                build/stm32l0xx_hal_tim.o
HAL_TIM_SlaveConfigSynchronization_IT             build/stm32l0xx_hal_tim.o
HAL_TIM_TriggerCallback                           build/stm32l0xx_hal_tim.o
HardFault_Handler                                 build/stm32l0xx_it.o
I2C1_IRQHandler                                   build/startup_stm32l011xx.o
LL_EXTI_DeInit                                    build/stm32l0xx_ll_exti.o
LL_EXTI_Init                                      build/stm32l0xx_ll_exti.o
LL_EXTI_StructInit                                build/stm32l0xx_ll_exti.o
LL_GPIO_DeInit                                    build/stm32l0xx_ll_gpio.o
LL_GPIO_Init                                      build/stm32l0xx_ll_gpio.o
LL_GPIO_StructInit                                build/stm32l0xx_ll_gpio.o
LL_Init1msTick                                    build/stm32l0xx_ll_utils.o
                                                  build/main.o
LL_PLL_ConfigSystemClock_HSE                      build/stm32l0xx_ll_utils.o
LL_PLL_ConfigSystemClock_HSI                      build/stm32l0xx_ll_utils.o
LL_RCC_DeInit                                     build/stm32l0xx_ll_rcc.o
LL_RCC_GetI2CClockFreq                            build/stm32l0xx_ll_rcc.o
LL_RCC_GetLPTIMClockFreq                          build/stm32l0xx_ll_rcc.o
LL_RCC_GetLPUARTClockFreq                         build/stm32l0xx_ll_rcc.o
LL_RCC_GetSystemClocksFreq                        build/stm32l0xx_ll_rcc.o
LL_RCC_GetUSARTClockFreq                          build/stm32l0xx_ll_rcc.o
LL_SetSystemCoreClock                             build/stm32l0xx_ll_utils.o
                                                  build/main.o
LL_mDelay                                         build/stm32l0xx_ll_utils.o
LPTIM1_IRQHandler                                 build/startup_stm32l011xx.o
LPUART1_IRQHandler                                build/startup_stm32l011xx.o
MX_GPIO_Init                                      build/gpio.o
                                                  build/main.o
MX_TIM2_Init                                      build/tim.o
                                                  build/main.o
NMI_Handler                                       build/stm32l0xx_it.o
PLLMulTable                                       build/system_stm32l0xx.o
                                                  build/stm32l0xx_hal_rcc.o
                                                  build/stm32l0xx_ll_utils.o
                                                  build/stm32l0xx_ll_rcc.o
PVD_IRQHandler                                    build/startup_stm32l011xx.o
PendSV_Handler                                    build/stm32l0xx_it.o
RCC_GetHCLKClockFreq                              build/stm32l0xx_ll_rcc.o
RCC_GetPCLK1ClockFreq                             build/stm32l0xx_ll_rcc.o
RCC_GetPCLK2ClockFreq                             build/stm32l0xx_ll_rcc.o
RCC_GetSystemClockFreq                            build/stm32l0xx_ll_rcc.o
RCC_IRQHandler                                    build/startup_stm32l011xx.o
RCC_PLL_GetFreqDomain_SYS                         build/stm32l0xx_ll_rcc.o
RTC_IRQHandler                                    build/startup_stm32l011xx.o
Reset_Handler                                     build/startup_stm32l011xx.o
SPI1_IRQHandler                                   build/startup_stm32l011xx.o
SVC_Handler                                       build/stm32l0xx_it.o
SysTick_Handler                                   build/stm32l0xx_it.o
SystemClock_Config                                build/main.o
SystemCoreClock                                   build/system_stm32l0xx.o
                                                  build/stm32l0xx_hal_pwr_ex.o
                                                  build/stm32l0xx_hal_rcc.o
                                                  build/stm32l0xx_hal.o
                                                  build/stm32l0xx_ll_utils.o
SystemCoreClockUpdate                             build/system_stm32l0xx.o
SystemInit                                        build/system_stm32l0xx.o
                                                  build/startup_stm32l011xx.o
TIM21_IRQHandler                                  build/startup_stm32l011xx.o
TIM2_IRQHandler                                   build/startup_stm32l011xx.o
TIM_DMACaptureCplt                                build/stm32l0xx_hal_tim.o
TIM_DMADelayPulseCplt                             build/stm32l0xx_hal_tim.o
TIM_DMAError                                      build/stm32l0xx_hal_tim.o
USART2_IRQHandler                                 build/startup_stm32l011xx.o
WWDG_IRQHandler                                   build/startup_stm32l011xx.o
_Error_Handler                                    build/main.o
                                                  build/tim.o
_Jv_RegisterClasses                               /usr/local/gcc-arm-none-eabi-6-2017-q2-update/bin/../lib/gcc/arm-none-eabi/6.3.1/thumb/v6-m/crtbegin.o
__aeabi_idiv0                                     /usr/local/gcc-arm-none-eabi-6-2017-q2-update/bin/../lib/gcc/arm-none-eabi/6.3.1/thumb/v6-m/libgcc.a(_dvmd_tls.o)
                                                  /usr/local/gcc-arm-none-eabi-6-2017-q2-update/bin/../lib/gcc/arm-none-eabi/6.3.1/thumb/v6-m/libgcc.a(_udivsi3.o)
__aeabi_ldiv0                                     /usr/local/gcc-arm-none-eabi-6-2017-q2-update/bin/../lib/gcc/arm-none-eabi/6.3.1/thumb/v6-m/libgcc.a(_dvmd_tls.o)
__aeabi_uidiv                                     /usr/local/gcc-arm-none-eabi-6-2017-q2-update/bin/../lib/gcc/arm-none-eabi/6.3.1/thumb/v6-m/libgcc.a(_udivsi3.o)
                                                  build/stm32l0xx_hal_pwr_ex.o
                                                  build/stm32l0xx_hal_rcc.o
                                                  build/stm32l0xx_hal.o
                                                  build/stm32l0xx_ll_utils.o
                                                  build/stm32l0xx_ll_rcc.o
                                                  build/system_stm32l0xx.o
__aeabi_uidivmod                                  /usr/local/gcc-arm-none-eabi-6-2017-q2-update/bin/../lib/gcc/arm-none-eabi/6.3.1/thumb/v6-m/libgcc.a(_udivsi3.o)
__bss_end__                                       /usr/local/gcc-arm-none-eabi-6-2017-q2-update/bin/../lib/gcc/arm-none-eabi/6.3.1/../../../../arm-none-eabi/lib/thumb/v6-m/crt0.o
__bss_start__                                     /usr/local/gcc-arm-none-eabi-6-2017-q2-update/bin/../lib/gcc/arm-none-eabi/6.3.1/../../../../arm-none-eabi/lib/thumb/v6-m/crt0.o
__call_exitprocs                                  /usr/local/gcc-arm-none-eabi-6-2017-q2-update/bin/../lib/gcc/arm-none-eabi/6.3.1/../../../../arm-none-eabi/lib/thumb/v6-m/libc_nano.a(lib_a-exit.o)
__deregister_frame_info                           /usr/local/gcc-arm-none-eabi-6-2017-q2-update/bin/../lib/gcc/arm-none-eabi/6.3.1/thumb/v6-m/crtbegin.o
__dso_handle                                      /usr/local/gcc-arm-none-eabi-6-2017-q2-update/bin/../lib/gcc/arm-none-eabi/6.3.1/thumb/v6-m/crtbegin.o
__init_array_end                                  /usr/local/gcc-arm-none-eabi-6-2017-q2-update/bin/../lib/gcc/arm-none-eabi/6.3.1/../../../../arm-none-eabi/lib/thumb/v6-m/libc_nano.a(lib_a-init.o)
__init_array_start                                /usr/local/gcc-arm-none-eabi-6-2017-q2-update/bin/../lib/gcc/arm-none-eabi/6.3.1/../../../../arm-none-eabi/lib/thumb/v6-m/libc_nano.a(lib_a-init.o)
__libc_fini_array                                 /usr/local/gcc-arm-none-eabi-6-2017-q2-update/bin/../lib/gcc/arm-none-eabi/6.3.1/../../../../arm-none-eabi/lib/thumb/v6-m/crt0.o
__libc_init_array                                 /usr/local/gcc-arm-none-eabi-6-2017-q2-update/bin/../lib/gcc/arm-none-eabi/6.3.1/../../../../arm-none-eabi/lib/thumb/v6-m/libc_nano.a(lib_a-init.o)
                                                  build/startup_stm32l011xx.o
                                                  /usr/local/gcc-arm-none-eabi-6-2017-q2-update/bin/../lib/gcc/arm-none-eabi/6.3.1/../../../../arm-none-eabi/lib/thumb/v6-m/crt0.o
__preinit_array_end                               /usr/local/gcc-arm-none-eabi-6-2017-q2-update/bin/../lib/gcc/arm-none-eabi/6.3.1/../../../../arm-none-eabi/lib/thumb/v6-m/libc_nano.a(lib_a-init.o)
__preinit_array_start                             /usr/local/gcc-arm-none-eabi-6-2017-q2-update/bin/../lib/gcc/arm-none-eabi/6.3.1/../../../../arm-none-eabi/lib/thumb/v6-m/libc_nano.a(lib_a-init.o)
__register_frame_info                             /usr/local/gcc-arm-none-eabi-6-2017-q2-update/bin/../lib/gcc/arm-none-eabi/6.3.1/thumb/v6-m/crtbegin.o
__sf_fake_stderr                                  /usr/local/gcc-arm-none-eabi-6-2017-q2-update/bin/../lib/gcc/arm-none-eabi/6.3.1/../../../../arm-none-eabi/lib/thumb/v6-m/libc_nano.a(lib_a-impure.o)
__sf_fake_stdin                                   /usr/local/gcc-arm-none-eabi-6-2017-q2-update/bin/../lib/gcc/arm-none-eabi/6.3.1/../../../../arm-none-eabi/lib/thumb/v6-m/libc_nano.a(lib_a-impure.o)
__sf_fake_stdout                                  /usr/local/gcc-arm-none-eabi-6-2017-q2-update/bin/../lib/gcc/arm-none-eabi/6.3.1/../../../../arm-none-eabi/lib/thumb/v6-m/libc_nano.a(lib_a-impure.o)
__stack                                           /usr/local/gcc-arm-none-eabi-6-2017-q2-update/bin/../lib/gcc/arm-none-eabi/6.3.1/../../../../arm-none-eabi/lib/thumb/v6-m/crt0.o
__udivsi3                                         /usr/local/gcc-arm-none-eabi-6-2017-q2-update/bin/../lib/gcc/arm-none-eabi/6.3.1/thumb/v6-m/libgcc.a(_udivsi3.o)
_ebss                                             build/startup_stm32l011xx.o
_edata                                            build/startup_stm32l011xx.o
_estack                                           build/startup_stm32l011xx.o
_exit                                             /usr/local/gcc-arm-none-eabi-6-2017-q2-update/bin/../lib/gcc/arm-none-eabi/6.3.1/../../../../arm-none-eabi/lib/thumb/v6-m/libnosys.a(_exit.o)
                                                  /usr/local/gcc-arm-none-eabi-6-2017-q2-update/bin/../lib/gcc/arm-none-eabi/6.3.1/../../../../arm-none-eabi/lib/thumb/v6-m/libc_nano.a(lib_a-exit.o)
_fini                                             /usr/local/gcc-arm-none-eabi-6-2017-q2-update/bin/../lib/gcc/arm-none-eabi/6.3.1/thumb/v6-m/crti.o
_global_impure_ptr                                /usr/local/gcc-arm-none-eabi-6-2017-q2-update/bin/../lib/gcc/arm-none-eabi/6.3.1/../../../../arm-none-eabi/lib/thumb/v6-m/libc_nano.a(lib_a-impure.o)
                                                  /usr/local/gcc-arm-none-eabi-6-2017-q2-update/bin/../lib/gcc/arm-none-eabi/6.3.1/../../../../arm-none-eabi/lib/thumb/v6-m/libc_nano.a(lib_a-exit.o)
_impure_ptr                                       /usr/local/gcc-arm-none-eabi-6-2017-q2-update/bin/../lib/gcc/arm-none-eabi/6.3.1/../../../../arm-none-eabi/lib/thumb/v6-m/libc_nano.a(lib_a-impure.o)
_init                                             /usr/local/gcc-arm-none-eabi-6-2017-q2-update/bin/../lib/gcc/arm-none-eabi/6.3.1/thumb/v6-m/crti.o
                                                  /usr/local/gcc-arm-none-eabi-6-2017-q2-update/bin/../lib/gcc/arm-none-eabi/6.3.1/../../../../arm-none-eabi/lib/thumb/v6-m/libc_nano.a(lib_a-init.o)
_mainCRTStartup                                   /usr/local/gcc-arm-none-eabi-6-2017-q2-update/bin/../lib/gcc/arm-none-eabi/6.3.1/../../../../arm-none-eabi/lib/thumb/v6-m/crt0.o
_sbss                                             build/startup_stm32l011xx.o
_sdata                                            build/startup_stm32l011xx.o
_sidata                                           build/startup_stm32l011xx.o
_start                                            /usr/local/gcc-arm-none-eabi-6-2017-q2-update/bin/../lib/gcc/arm-none-eabi/6.3.1/../../../../arm-none-eabi/lib/thumb/v6-m/crt0.o
atexit                                            /usr/local/gcc-arm-none-eabi-6-2017-q2-update/bin/../lib/gcc/arm-none-eabi/6.3.1/../../../../arm-none-eabi/lib/thumb/v6-m/crt0.o
exit                                              /usr/local/gcc-arm-none-eabi-6-2017-q2-update/bin/../lib/gcc/arm-none-eabi/6.3.1/../../../../arm-none-eabi/lib/thumb/v6-m/libc_nano.a(lib_a-exit.o)
                                                  /usr/local/gcc-arm-none-eabi-6-2017-q2-update/bin/../lib/gcc/arm-none-eabi/6.3.1/../../../../arm-none-eabi/lib/thumb/v6-m/crt0.o
g_pfnVectors                                      build/startup_stm32l011xx.o
hardware_init_hook                                /usr/local/gcc-arm-none-eabi-6-2017-q2-update/bin/../lib/gcc/arm-none-eabi/6.3.1/../../../../arm-none-eabi/lib/thumb/v6-m/crt0.o
htim2                                             build/tim.o
htim_local                                        build/main.o
main                                              build/main.o
                                                  build/startup_stm32l011xx.o
                                                  /usr/local/gcc-arm-none-eabi-6-2017-q2-update/bin/../lib/gcc/arm-none-eabi/6.3.1/../../../../arm-none-eabi/lib/thumb/v6-m/crt0.o
memset                                            /usr/local/gcc-arm-none-eabi-6-2017-q2-update/bin/../lib/gcc/arm-none-eabi/6.3.1/../../../../arm-none-eabi/lib/thumb/v6-m/libc_nano.a(lib_a-memset.o)
                                                  build/stm32l0xx_hal_rcc.o
                                                  /usr/local/gcc-arm-none-eabi-6-2017-q2-update/bin/../lib/gcc/arm-none-eabi/6.3.1/../../../../arm-none-eabi/lib/thumb/v6-m/crt0.o
my_pwm_start                                      build/tim.o
                                                  build/main.o
pFlash                                            build/stm32l0xx_hal_flash.o
                                                  build/stm32l0xx_hal_flash_ex.o
                                                  build/stm32l0xx_hal_flash_ramfunc.o
software_init_hook                                /usr/local/gcc-arm-none-eabi-6-2017-q2-update/bin/../lib/gcc/arm-none-eabi/6.3.1/../../../../arm-none-eabi/lib/thumb/v6-m/crt0.o
uwTick                                            build/stm32l0xx_hal.o
